Archive member included to satisfy reference by file (symbol)

/opt/st/stm32cubeide_1.12.1/plugins/com.st.stm32cube.ide.mcu.externaltools.gnu-tools-for-stm32.10.3-2021.10.linux64_1.0.200.202301161003/tools/bin/../lib/gcc/arm-none-eabi/10.3.1/../../../../arm-none-eabi/lib/thumb/v7e-m+fp/hard/libc_nano.a(lib_a-errno.o)
                              ./Core/Src/sysmem.o (__errno)
/opt/st/stm32cubeide_1.12.1/plugins/com.st.stm32cube.ide.mcu.externaltools.gnu-tools-for-stm32.10.3-2021.10.linux64_1.0.200.202301161003/tools/bin/../lib/gcc/arm-none-eabi/10.3.1/../../../../arm-none-eabi/lib/thumb/v7e-m+fp/hard/libc_nano.a(lib_a-exit.o)
                              /opt/st/stm32cubeide_1.12.1/plugins/com.st.stm32cube.ide.mcu.externaltools.gnu-tools-for-stm32.10.3-2021.10.linux64_1.0.200.202301161003/tools/bin/../lib/gcc/arm-none-eabi/10.3.1/../../../../arm-none-eabi/lib/thumb/v7e-m+fp/hard/crt0.o (exit)
/opt/st/stm32cubeide_1.12.1/plugins/com.st.stm32cube.ide.mcu.externaltools.gnu-tools-for-stm32.10.3-2021.10.linux64_1.0.200.202301161003/tools/bin/../lib/gcc/arm-none-eabi/10.3.1/../../../../arm-none-eabi/lib/thumb/v7e-m+fp/hard/libc_nano.a(lib_a-impure.o)
                              /opt/st/stm32cubeide_1.12.1/plugins/com.st.stm32cube.ide.mcu.externaltools.gnu-tools-for-stm32.10.3-2021.10.linux64_1.0.200.202301161003/tools/bin/../lib/gcc/arm-none-eabi/10.3.1/../../../../arm-none-eabi/lib/thumb/v7e-m+fp/hard/libc_nano.a(lib_a-exit.o) (_global_impure_ptr)
/opt/st/stm32cubeide_1.12.1/plugins/com.st.stm32cube.ide.mcu.externaltools.gnu-tools-for-stm32.10.3-2021.10.linux64_1.0.200.202301161003/tools/bin/../lib/gcc/arm-none-eabi/10.3.1/../../../../arm-none-eabi/lib/thumb/v7e-m+fp/hard/libc_nano.a(lib_a-init.o)
                              /opt/st/stm32cubeide_1.12.1/plugins/com.st.stm32cube.ide.mcu.externaltools.gnu-tools-for-stm32.10.3-2021.10.linux64_1.0.200.202301161003/tools/bin/../lib/gcc/arm-none-eabi/10.3.1/../../../../arm-none-eabi/lib/thumb/v7e-m+fp/hard/crt0.o (__libc_init_array)
/opt/st/stm32cubeide_1.12.1/plugins/com.st.stm32cube.ide.mcu.externaltools.gnu-tools-for-stm32.10.3-2021.10.linux64_1.0.200.202301161003/tools/bin/../lib/gcc/arm-none-eabi/10.3.1/../../../../arm-none-eabi/lib/thumb/v7e-m+fp/hard/libc_nano.a(lib_a-memcmp.o)
                              ./Third_Party/SEGGER/OS/SEGGER_SYSVIEW_FreeRTOS.o (memcmp)
/opt/st/stm32cubeide_1.12.1/plugins/com.st.stm32cube.ide.mcu.externaltools.gnu-tools-for-stm32.10.3-2021.10.linux64_1.0.200.202301161003/tools/bin/../lib/gcc/arm-none-eabi/10.3.1/../../../../arm-none-eabi/lib/thumb/v7e-m+fp/hard/libc_nano.a(lib_a-memcpy-stub.o)
                              ./Third_Party/FreeRTOS/Source/queue.o (memcpy)
/opt/st/stm32cubeide_1.12.1/plugins/com.st.stm32cube.ide.mcu.externaltools.gnu-tools-for-stm32.10.3-2021.10.linux64_1.0.200.202301161003/tools/bin/../lib/gcc/arm-none-eabi/10.3.1/../../../../arm-none-eabi/lib/thumb/v7e-m+fp/hard/libc_nano.a(lib_a-memset.o)
                              /opt/st/stm32cubeide_1.12.1/plugins/com.st.stm32cube.ide.mcu.externaltools.gnu-tools-for-stm32.10.3-2021.10.linux64_1.0.200.202301161003/tools/bin/../lib/gcc/arm-none-eabi/10.3.1/../../../../arm-none-eabi/lib/thumb/v7e-m+fp/hard/crt0.o (memset)
/opt/st/stm32cubeide_1.12.1/plugins/com.st.stm32cube.ide.mcu.externaltools.gnu-tools-for-stm32.10.3-2021.10.linux64_1.0.200.202301161003/tools/bin/../lib/gcc/arm-none-eabi/10.3.1/../../../../arm-none-eabi/lib/thumb/v7e-m+fp/hard/libc_nano.a(lib_a-strlen.o)
                              ./Third_Party/SEGGER/SEGGER/SEGGER_RTT.o (strlen)
/opt/st/stm32cubeide_1.12.1/plugins/com.st.stm32cube.ide.mcu.externaltools.gnu-tools-for-stm32.10.3-2021.10.linux64_1.0.200.202301161003/tools/bin/../lib/gcc/arm-none-eabi/10.3.1/thumb/v7e-m+fp/hard/libgcc.a(_aeabi_uldivmod.o)
                              ./Drivers/STM32F4xx_HAL_Driver/Src/stm32f4xx_hal_rcc.o (__aeabi_uldivmod)
/opt/st/stm32cubeide_1.12.1/plugins/com.st.stm32cube.ide.mcu.externaltools.gnu-tools-for-stm32.10.3-2021.10.linux64_1.0.200.202301161003/tools/bin/../lib/gcc/arm-none-eabi/10.3.1/thumb/v7e-m+fp/hard/libgcc.a(_udivmoddi4.o)
                              /opt/st/stm32cubeide_1.12.1/plugins/com.st.stm32cube.ide.mcu.externaltools.gnu-tools-for-stm32.10.3-2021.10.linux64_1.0.200.202301161003/tools/bin/../lib/gcc/arm-none-eabi/10.3.1/thumb/v7e-m+fp/hard/libgcc.a(_aeabi_uldivmod.o) (__udivmoddi4)
/opt/st/stm32cubeide_1.12.1/plugins/com.st.stm32cube.ide.mcu.externaltools.gnu-tools-for-stm32.10.3-2021.10.linux64_1.0.200.202301161003/tools/bin/../lib/gcc/arm-none-eabi/10.3.1/thumb/v7e-m+fp/hard/libgcc.a(_dvmd_tls.o)
                              /opt/st/stm32cubeide_1.12.1/plugins/com.st.stm32cube.ide.mcu.externaltools.gnu-tools-for-stm32.10.3-2021.10.linux64_1.0.200.202301161003/tools/bin/../lib/gcc/arm-none-eabi/10.3.1/thumb/v7e-m+fp/hard/libgcc.a(_aeabi_uldivmod.o) (__aeabi_ldiv0)
[...]
Memory Configuration

Name             Origin             Length             Attributes
RAM              0x0000000020000000 0x0000000000040000 xrw
FLASH            0x0000000008000000 0x0000000000100000 xr
*default*        0x0000000000000000 0xffffffffffffffff

Linker script and memory map

LOAD /opt/st/stm32cubeide_1.12.1/plugins/com.st.stm32cube.ide.mcu.externaltools.gnu-tools-for-stm32.10.3-2021.10.linux64_1.0.200.202301161003/tools/bin/../lib/gcc/arm-none-eabi/10.3.1/thumb/v7e-m+fp/hard/crti.o
LOAD /opt/st/stm32cubeide_1.12.1/plugins/com.st.stm32cube.ide.mcu.externaltools.gnu-tools-for-stm32.10.3-2021.10.linux64_1.0.200.202301161003/tools/bin/../lib/gcc/arm-none-eabi/10.3.1/thumb/v7e-m+fp/hard/crtbegin.o
LOAD /opt/st/stm32cubeide_1.12.1/plugins/com.st.stm32cube.ide.mcu.externaltools.gnu-tools-for-stm32.10.3-2021.10.linux64_1.0.200.202301161003/tools/bin/../lib/gcc/arm-none-eabi/10.3.1/../../../../arm-none-eabi/lib/thumb/v7e-m+fp/hard/crt0.o
LOAD ./Core/Src/main.o
LOAD ./Core/Src/stm32f4xx_hal_msp.o
LOAD ./Core/Src/stm32f4xx_hal_timebase_tim.o
LOAD ./Core/Src/stm32f4xx_it.o
LOAD ./Core/Src/sysmem.o
LOAD ./Core/Src/system_stm32f4xx.o
LOAD ./Core/Startup/startup_stm32f412zgtx.o
LOAD ./Drivers/STM32F4xx_HAL_Driver/Src/stm32f4xx_hal.o
LOAD ./Drivers/STM32F4xx_HAL_Driver/Src/stm32f4xx_hal_cortex.o
LOAD ./Drivers/STM32F4xx_HAL_Driver/Src/stm32f4xx_hal_dma.o
LOAD ./Drivers/STM32F4xx_HAL_Driver/Src/stm32f4xx_hal_dma_ex.o
LOAD ./Drivers/STM32F4xx_HAL_Driver/Src/stm32f4xx_hal_exti.o
LOAD ./Drivers/STM32F4xx_HAL_Driver/Src/stm32f4xx_hal_flash.o
LOAD ./Drivers/STM32F4xx_HAL_Driver/Src/stm32f4xx_hal_flash_ex.o
LOAD ./Drivers/STM32F4xx_HAL_Driver/Src/stm32f4xx_hal_flash_ramfunc.o
LOAD ./Drivers/STM32F4xx_HAL_Driver/Src/stm32f4xx_hal_gpio.o
LOAD ./Drivers/STM32F4xx_HAL_Driver/Src/stm32f4xx_hal_pwr.o
LOAD ./Drivers/STM32F4xx_HAL_Driver/Src/stm32f4xx_hal_pwr_ex.o
LOAD ./Drivers/STM32F4xx_HAL_Driver/Src/stm32f4xx_hal_rcc.o
LOAD ./Drivers/STM32F4xx_HAL_Driver/Src/stm32f4xx_hal_rcc_ex.o
LOAD ./Drivers/STM32F4xx_HAL_Driver/Src/stm32f4xx_hal_tim.o
LOAD ./Drivers/STM32F4xx_HAL_Driver/Src/stm32f4xx_hal_tim_ex.o
LOAD ./Drivers/STM32F4xx_HAL_Driver/Src/stm32f4xx_hal_uart.o
LOAD ./Third_Party/FreeRTOS/Source/croutine.o
LOAD ./Third_Party/FreeRTOS/Source/event_groups.o
LOAD ./Third_Party/FreeRTOS/Source/list.o
LOAD ./Third_Party/FreeRTOS/Source/queue.o
LOAD ./Third_Party/FreeRTOS/Source/stream_buffer.o
LOAD ./Third_Party/FreeRTOS/Source/tasks.o
LOAD ./Third_Party/FreeRTOS/Source/timers.o
LOAD ./Third_Party/FreeRTOS/Source/portable/GCC/ARM_CM4F/port.o
LOAD ./Third_Party/FreeRTOS/Source/portable/MemMang/heap_4.o
LOAD ./Third_Party/SEGGER/Config/SEGGER_SYSVIEW_Config_FreeRTOS.o
LOAD ./Third_Party/SEGGER/OS/SEGGER_SYSVIEW_FreeRTOS.o
LOAD ./Third_Party/SEGGER/SEGGER/SEGGER_RTT.o
LOAD ./Third_Party/SEGGER/SEGGER/SEGGER_RTT_ASM_ARMv7M.o
LOAD ./Third_Party/SEGGER/SEGGER/SEGGER_RTT_printf.o
LOAD ./Third_Party/SEGGER/SEGGER/SEGGER_SYSVIEW.o
LOAD ./Third_Party/SEGGER/SEGGER/Syscalls/SEGGER_RTT_Syscalls_GCC.o
START GROUP
LOAD /opt/st/stm32cubeide_1.12.1/plugins/com.st.stm32cube.ide.mcu.externaltools.gnu-tools-for-stm32.10.3-2021.10.linux64_1.0.200.202301161003/tools/bin/../lib/gcc/arm-none-eabi/10.3.1/../../../../arm-none-eabi/lib/thumb/v7e-m+fp/hard/libc_nano.a
LOAD /opt/st/stm32cubeide_1.12.1/plugins/com.st.stm32cube.ide.mcu.externaltools.gnu-tools-for-stm32.10.3-2021.10.linux64_1.0.200.202301161003/tools/bin/../lib/gcc/arm-none-eabi/10.3.1/../../../../arm-none-eabi/lib/thumb/v7e-m+fp/hard/libm.a
END GROUP
START GROUP
LOAD /opt/st/stm32cubeide_1.12.1/plugins/com.st.stm32cube.ide.mcu.externaltools.gnu-tools-for-stm32.10.3-2021.10.linux64_1.0.200.202301161003/tools/bin/../lib/gcc/arm-none-eabi/10.3.1/thumb/v7e-m+fp/hard/libgcc.a
LOAD /opt/st/stm32cubeide_1.12.1/plugins/com.st.stm32cube.ide.mcu.externaltools.gnu-tools-for-stm32.10.3-2021.10.linux64_1.0.200.202301161003/tools/bin/../lib/gcc/arm-none-eabi/10.3.1/../../../../arm-none-eabi/lib/thumb/v7e-m+fp/hard/libc_nano.a
END GROUP
START GROUP
LOAD /opt/st/stm32cubeide_1.12.1/plugins/com.st.stm32cube.ide.mcu.externaltools.gnu-tools-for-stm32.10.3-2021.10.linux64_1.0.200.202301161003/tools/bin/../lib/gcc/arm-none-eabi/10.3.1/thumb/v7e-m+fp/hard/libgcc.a
LOAD /opt/st/stm32cubeide_1.12.1/plugins/com.st.stm32cube.ide.mcu.externaltools.gnu-tools-for-stm32.10.3-2021.10.linux64_1.0.200.202301161003/tools/bin/../lib/gcc/arm-none-eabi/10.3.1/../../../../arm-none-eabi/lib/thumb/v7e-m+fp/hard/libc_nano.a
LOAD /opt/st/stm32cubeide_1.12.1/plugins/com.st.stm32cube.ide.mcu.externaltools.gnu-tools-for-stm32.10.3-2021.10.linux64_1.0.200.202301161003/tools/bin/../lib/gcc/arm-none-eabi/10.3.1/../../../../arm-none-eabi/lib/thumb/v7e-m+fp/hard/libnosys.a
END GROUP
START GROUP
LOAD /opt/st/stm32cubeide_1.12.1/plugins/com.st.stm32cube.ide.mcu.externaltools.gnu-tools-for-stm32.10.3-2021.10.linux64_1.0.200.202301161003/tools/bin/../lib/gcc/arm-none-eabi/10.3.1/thumb/v7e-m+fp/hard/libgcc.a
LOAD /opt/st/stm32cubeide_1.12.1/plugins/com.st.stm32cube.ide.mcu.externaltools.gnu-tools-for-stm32.10.3-2021.10.linux64_1.0.200.202301161003/tools/bin/../lib/gcc/arm-none-eabi/10.3.1/../../../../arm-none-eabi/lib/thumb/v7e-m+fp/hard/libc_nano.a
LOAD /opt/st/stm32cubeide_1.12.1/plugins/com.st.stm32cube.ide.mcu.externaltools.gnu-tools-for-stm32.10.3-2021.10.linux64_1.0.200.202301161003/tools/bin/../lib/gcc/arm-none-eabi/10.3.1/../../../../arm-none-eabi/lib/thumb/v7e-m+fp/hard/libnosys.a
END GROUP
LOAD /opt/st/stm32cubeide_1.12.1/plugins/com.st.stm32cube.ide.mcu.externaltools.gnu-tools-for-stm32.10.3-2021.10.linux64_1.0.200.202301161003/tools/bin/../lib/gcc/arm-none-eabi/10.3.1/thumb/v7e-m+fp/hard/crtend.o
LOAD /opt/st/stm32cubeide_1.12.1/plugins/com.st.stm32cube.ide.mcu.externaltools.gnu-tools-for-stm32.10.3-2021.10.linux64_1.0.200.202301161003/tools/bin/../lib/gcc/arm-none-eabi/10.3.1/thumb/v7e-m+fp/hard/crtn.o
                0x0000000020040000                _estack = (ORIGIN (RAM) + LENGTH (RAM))
                0x0000000000000200                _Min_Heap_Size = 0x200
                0x0000000000000400                _Min_Stack_Size = 0x400

.isr_vector     0x0000000008000000      0x1c4
                0x0000000008000000                . = ALIGN (0x4)
 *(.isr_vector)
 .isr_vector    0x0000000008000000      0x1c4 ./Core/Startup/startup_stm32f412zgtx.o
                0x0000000008000000                g_pfnVectors
                0x00000000080001c4                . = ALIGN (0x4)

.text           0x00000000080001d0     0x5c4c
                0x00000000080001d0                . = ALIGN (0x4)
 *(.text)
 .text          0x00000000080001d0       0x40 /opt/st/stm32cubeide_1.12.1/plugins/com.st.stm32cube.ide.mcu.externaltools.gnu-tools-for-stm32.10.3-2021.10.linux64_1.0.200.202301161003/tools/bin/../lib/gcc/arm-none-eabi/10.3.1/thumb/v7e-m+fp/hard/crtbegin.o
 .text          0x0000000008000210       0x94 ./Third_Party/SEGGER/SEGGER/SEGGER_RTT_ASM_ARMv7M.o
                0x0000000008000210                SEGGER_RTT_ASM_WriteSkipNoLock
 .text          0x00000000080002a4       0x10 /opt/st/stm32cubeide_1.12.1/plugins/com.st.stm32cube.ide.mcu.externaltools.gnu-tools-for-stm32.10.3-2021.10.linux64_1.0.200.202301161003/tools/bin/../lib/gcc/arm-none-eabi/10.3.1/../../../../arm-none-eabi/lib/thumb/v7e-m+fp/hard/libc_nano.a(lib_a-strlen.o)
                0x00000000080002a4                strlen
 .text          0x00000000080002b4       0x30 /opt/st/stm32cubeide_1.12.1/plugins/com.st.stm32cube.ide.mcu.externaltools.gnu-tools-for-stm32.10.3-2021.10.linux64_1.0.200.202301161003/tools/bin/../lib/gcc/arm-none-eabi/10.3.1/thumb/v7e-m+fp/hard/libgcc.a(_aeabi_uldivmod.o)
                0x00000000080002b4                __aeabi_uldivmod
 .text          0x00000000080002e4      0x2d0 /opt/st/stm32cubeide_1.12.1/plugins/com.st.stm32cube.ide.mcu.externaltools.gnu-tools-for-stm32.10.3-2021.10.linux64_1.0.200.202301161003/tools/bin/../lib/gcc/arm-none-eabi/10.3.1/thumb/v7e-m+fp/hard/libgcc.a(_udivmoddi4.o)
                0x00000000080002e4                __udivmoddi4
 .text          0x00000000080005b4        0x4 /opt/st/stm32cubeide_1.12.1/plugins/com.st.stm32cube.ide.mcu.externaltools.gnu-tools-for-stm32.10.3-2021.10.linux64_1.0.200.202301161003/tools/bin/../lib/gcc/arm-none-eabi/10.3.1/thumb/v7e-m+fp/hard/libgcc.a(_dvmd_tls.o)
                0x00000000080005b4                __aeabi_ldiv0
                0x00000000080005b4                __aeabi_idiv0
 *(.text*)
 .text.main     0x00000000080005b8       0x84 ./Core/Src/main.o
                0x00000000080005b8                main
 .text.SystemClock_Config
                0x000000000800063c       0xd4 ./Core/Src/main.o
                0x000000000800063c                SystemClock_Config
 .text.MX_USART2_UART_Init
                0x0000000008000710       0x54 ./Core/Src/main.o
 .text.MX_GPIO_Init
                0x0000000008000764       0xa0 ./Core/Src/main.o
 .text.vTask1_handler
                0x0000000008000804       0x54 ./Core/Src/main.o
                0x0000000008000804                vTask1_handler
 .text.vTask2_handler
                0x0000000008000858       0x48 ./Core/Src/main.o
                0x0000000008000858                vTask2_handler
 .text.HAL_TIM_PeriodElapsedCallback
                0x00000000080008a0       0x24 ./Core/Src/main.o
                0x00000000080008a0                HAL_TIM_PeriodElapsedCallback
 .text.Error_Handler
                0x00000000080008c4        0xa ./Core/Src/main.o
                0x00000000080008c4                Error_Handler
 *fill*         0x00000000080008ce        0x2 
 .text.HAL_MspInit
                0x00000000080008d0       0x50 ./Core/Src/stm32f4xx_hal_msp.o
                0x00000000080008d0                HAL_MspInit
 .text.HAL_UART_MspInit
                0x0000000008000920       0x90 ./Core/Src/stm32f4xx_hal_msp.o
                0x0000000008000920                HAL_UART_MspInit
 .text.HAL_InitTick
                0x00000000080009b0       0xf8 ./Core/Src/stm32f4xx_hal_timebase_tim.o
                0x00000000080009b0                HAL_InitTick
 .text.NMI_Handler
                0x0000000008000aa8        0x6 ./Core/Src/stm32f4xx_it.o
                0x0000000008000aa8                NMI_Handler
 .text.HardFault_Handler
                0x0000000008000aae        0x6 ./Core/Src/stm32f4xx_it.o
                0x0000000008000aae                HardFault_Handler
 .text.MemManage_Handler
                0x0000000008000ab4        0x6 ./Core/Src/stm32f4xx_it.o
                0x0000000008000ab4                MemManage_Handler
 .text.BusFault_Handler
                0x0000000008000aba        0x6 ./Core/Src/stm32f4xx_it.o
                0x0000000008000aba                BusFault_Handler
 .text.UsageFault_Handler
                0x0000000008000ac0        0x6 ./Core/Src/stm32f4xx_it.o
                0x0000000008000ac0                UsageFault_Handler
 .text.DebugMon_Handler
                0x0000000008000ac6        0xe ./Core/Src/stm32f4xx_it.o
                0x0000000008000ac6                DebugMon_Handler
 .text.TIM8_TRG_COM_TIM14_IRQHandler
                0x0000000008000ad4       0x14 ./Core/Src/stm32f4xx_it.o
                0x0000000008000ad4                TIM8_TRG_COM_TIM14_IRQHandler
 .text.SystemInit
                0x0000000008000ae8       0x24 ./Core/Src/system_stm32f4xx.o
                0x0000000008000ae8                SystemInit
 .text.Reset_Handler
                0x0000000008000b0c       0x50 ./Core/Startup/startup_stm32f412zgtx.o
                0x0000000008000b0c                Reset_Handler
 .text.Default_Handler
                0x0000000008000b5c        0x2 ./Core/Startup/startup_stm32f412zgtx.o
                0x0000000008000b5c                RTC_Alarm_IRQHandler
                0x0000000008000b5c                EXTI2_IRQHandler
                0x0000000008000b5c                TIM8_CC_IRQHandler
                0x0000000008000b5c                FMPI2C1_EV_IRQHandler
                0x0000000008000b5c                SPI4_IRQHandler
                0x0000000008000b5c                TIM1_CC_IRQHandler
                0x0000000008000b5c                DMA2_Stream5_IRQHandler
                0x0000000008000b5c                DMA1_Stream5_IRQHandler
                0x0000000008000b5c                TIM6_IRQHandler
                0x0000000008000b5c                PVD_IRQHandler
                0x0000000008000b5c                SDIO_IRQHandler
                0x0000000008000b5c                TAMP_STAMP_IRQHandler
                0x0000000008000b5c                CAN2_RX1_IRQHandler
                0x0000000008000b5c                EXTI3_IRQHandler
                0x0000000008000b5c                DFSDM1_FLT1_IRQHandler
                0x0000000008000b5c                TIM1_UP_TIM10_IRQHandler
                0x0000000008000b5c                TIM8_UP_TIM13_IRQHandler
                0x0000000008000b5c                I2C3_ER_IRQHandler
                0x0000000008000b5c                EXTI0_IRQHandler
                0x0000000008000b5c                I2C2_EV_IRQHandler
                0x0000000008000b5c                DMA1_Stream2_IRQHandler
                0x0000000008000b5c                CAN1_RX0_IRQHandler
                0x0000000008000b5c                FPU_IRQHandler
                0x0000000008000b5c                CAN2_SCE_IRQHandler
                0x0000000008000b5c                DMA2_Stream2_IRQHandler
                0x0000000008000b5c                SPI1_IRQHandler
                0x0000000008000b5c                TIM1_BRK_TIM9_IRQHandler
                0x0000000008000b5c                CAN2_RX0_IRQHandler
                0x0000000008000b5c                DMA2_Stream3_IRQHandler
                0x0000000008000b5c                USART6_IRQHandler
                0x0000000008000b5c                USART3_IRQHandler
                0x0000000008000b5c                CAN1_RX1_IRQHandler
                0x0000000008000b5c                DMA2_Stream0_IRQHandler
                0x0000000008000b5c                TIM4_IRQHandler
                0x0000000008000b5c                QUADSPI_IRQHandler
                0x0000000008000b5c                I2C1_EV_IRQHandler
                0x0000000008000b5c                DMA1_Stream6_IRQHandler
                0x0000000008000b5c                DMA1_Stream1_IRQHandler
                0x0000000008000b5c                TIM3_IRQHandler
                0x0000000008000b5c                RCC_IRQHandler
                0x0000000008000b5c                TIM8_BRK_TIM12_IRQHandler
                0x0000000008000b5c                Default_Handler
                0x0000000008000b5c                EXTI15_10_IRQHandler
                0x0000000008000b5c                ADC_IRQHandler
                0x0000000008000b5c                DMA1_Stream7_IRQHandler
                0x0000000008000b5c                SPI5_IRQHandler
                0x0000000008000b5c                TIM7_IRQHandler
                0x0000000008000b5c                CAN2_TX_IRQHandler
                0x0000000008000b5c                TIM5_IRQHandler
                0x0000000008000b5c                DMA2_Stream7_IRQHandler
                0x0000000008000b5c                I2C3_EV_IRQHandler
                0x0000000008000b5c                EXTI9_5_IRQHandler
                0x0000000008000b5c                RTC_WKUP_IRQHandler
                0x0000000008000b5c                SPI2_IRQHandler
                0x0000000008000b5c                DMA1_Stream0_IRQHandler
                0x0000000008000b5c                CAN1_TX_IRQHandler
                0x0000000008000b5c                FMPI2C1_ER_IRQHandler
                0x0000000008000b5c                EXTI4_IRQHandler
                0x0000000008000b5c                RNG_IRQHandler
                0x0000000008000b5c                WWDG_IRQHandler
                0x0000000008000b5c                TIM2_IRQHandler
                0x0000000008000b5c                OTG_FS_WKUP_IRQHandler
                0x0000000008000b5c                TIM1_TRG_COM_TIM11_IRQHandler
                0x0000000008000b5c                EXTI1_IRQHandler
                0x0000000008000b5c                USART2_IRQHandler
                0x0000000008000b5c                DFSDM1_FLT0_IRQHandler
                0x0000000008000b5c                I2C2_ER_IRQHandler
                0x0000000008000b5c                DMA2_Stream1_IRQHandler
                0x0000000008000b5c                CAN1_SCE_IRQHandler
                0x0000000008000b5c                FLASH_IRQHandler
                0x0000000008000b5c                DMA2_Stream4_IRQHandler
                0x0000000008000b5c                USART1_IRQHandler
                0x0000000008000b5c                OTG_FS_IRQHandler
                0x0000000008000b5c                SPI3_IRQHandler
                0x0000000008000b5c                DMA1_Stream4_IRQHandler
                0x0000000008000b5c                I2C1_ER_IRQHandler
                0x0000000008000b5c                DMA2_Stream6_IRQHandler
                0x0000000008000b5c                DMA1_Stream3_IRQHandler
 *fill*         0x0000000008000b5e        0x2 
 .text.HAL_Init
                0x0000000008000b60       0x44 ./Drivers/STM32F4xx_HAL_Driver/Src/stm32f4xx_hal.o
                0x0000000008000b60                HAL_Init
 .text.HAL_IncTick
                0x0000000008000ba4       0x28 ./Drivers/STM32F4xx_HAL_Driver/Src/stm32f4xx_hal.o
                0x0000000008000ba4                HAL_IncTick
 .text.HAL_GetTick
                0x0000000008000bcc       0x18 ./Drivers/STM32F4xx_HAL_Driver/Src/stm32f4xx_hal.o
                0x0000000008000bcc                HAL_GetTick
 .text.__NVIC_SetPriorityGrouping
                0x0000000008000be4       0x48 ./Drivers/STM32F4xx_HAL_Driver/Src/stm32f4xx_hal_cortex.o
 .text.__NVIC_GetPriorityGrouping
                0x0000000008000c2c       0x1c ./Drivers/STM32F4xx_HAL_Driver/Src/stm32f4xx_hal_cortex.o
 .text.__NVIC_EnableIRQ
                0x0000000008000c48       0x3c ./Drivers/STM32F4xx_HAL_Driver/Src/stm32f4xx_hal_cortex.o
 .text.__NVIC_SetPriority
                0x0000000008000c84       0x54 ./Drivers/STM32F4xx_HAL_Driver/Src/stm32f4xx_hal_cortex.o
 .text.NVIC_EncodePriority
                0x0000000008000cd8       0x66 ./Drivers/STM32F4xx_HAL_Driver/Src/stm32f4xx_hal_cortex.o
 .text.HAL_NVIC_SetPriorityGrouping
                0x0000000008000d3e       0x16 ./Drivers/STM32F4xx_HAL_Driver/Src/stm32f4xx_hal_cortex.o
                0x0000000008000d3e                HAL_NVIC_SetPriorityGrouping
 .text.HAL_NVIC_SetPriority
                0x0000000008000d54       0x38 ./Drivers/STM32F4xx_HAL_Driver/Src/stm32f4xx_hal_cortex.o
                0x0000000008000d54                HAL_NVIC_SetPriority
 .text.HAL_NVIC_EnableIRQ
                0x0000000008000d8c       0x1c ./Drivers/STM32F4xx_HAL_Driver/Src/stm32f4xx_hal_cortex.o
                0x0000000008000d8c                HAL_NVIC_EnableIRQ
 .text.HAL_GPIO_Init
                0x0000000008000da8      0x328 ./Drivers/STM32F4xx_HAL_Driver/Src/stm32f4xx_hal_gpio.o
                0x0000000008000da8                HAL_GPIO_Init
 .text.HAL_GPIO_WritePin
                0x00000000080010d0       0x32 ./Drivers/STM32F4xx_HAL_Driver/Src/stm32f4xx_hal_gpio.o
                0x00000000080010d0                HAL_GPIO_WritePin
 *fill*         0x0000000008001102        0x2 
 .text.HAL_RCC_ClockConfig
                0x0000000008001104      0x1cc ./Drivers/STM32F4xx_HAL_Driver/Src/stm32f4xx_hal_rcc.o
                0x0000000008001104                HAL_RCC_ClockConfig
 .text.HAL_RCC_GetSysClockFreq
                0x00000000080012d0      0x20c ./Drivers/STM32F4xx_HAL_Driver/Src/stm32f4xx_hal_rcc.o
                0x00000000080012d0                HAL_RCC_GetSysClockFreq
 .text.HAL_RCC_GetHCLKFreq
                0x00000000080014dc       0x18 ./Drivers/STM32F4xx_HAL_Driver/Src/stm32f4xx_hal_rcc.o
                0x00000000080014dc                HAL_RCC_GetHCLKFreq
 .text.HAL_RCC_GetPCLK1Freq
                0x00000000080014f4       0x28 ./Drivers/STM32F4xx_HAL_Driver/Src/stm32f4xx_hal_rcc.o
                0x00000000080014f4                HAL_RCC_GetPCLK1Freq
 .text.HAL_RCC_GetPCLK2Freq
                0x000000000800151c       0x28 ./Drivers/STM32F4xx_HAL_Driver/Src/stm32f4xx_hal_rcc.o
                0x000000000800151c                HAL_RCC_GetPCLK2Freq
 .text.HAL_RCC_GetClockConfig
                0x0000000008001544       0x64 ./Drivers/STM32F4xx_HAL_Driver/Src/stm32f4xx_hal_rcc.o
                0x0000000008001544                HAL_RCC_GetClockConfig
 .text.HAL_RCC_OscConfig
                0x00000000080015a8      0x508 ./Drivers/STM32F4xx_HAL_Driver/Src/stm32f4xx_hal_rcc_ex.o
                0x00000000080015a8                HAL_RCC_OscConfig
 .text.HAL_TIM_Base_Init
                0x0000000008001ab0       0x9e ./Drivers/STM32F4xx_HAL_Driver/Src/stm32f4xx_hal_tim.o
                0x0000000008001ab0                HAL_TIM_Base_Init
 .text.HAL_TIM_Base_MspInit
                0x0000000008001b4e       0x14 ./Drivers/STM32F4xx_HAL_Driver/Src/stm32f4xx_hal_tim.o
                0x0000000008001b4e                HAL_TIM_Base_MspInit
 *fill*         0x0000000008001b62        0x2 
 .text.HAL_TIM_Base_Start_IT
                0x0000000008001b64       0xe0 ./Drivers/STM32F4xx_HAL_Driver/Src/stm32f4xx_hal_tim.o
                0x0000000008001b64                HAL_TIM_Base_Start_IT
 .text.HAL_TIM_IRQHandler
                0x0000000008001c44      0x210 ./Drivers/STM32F4xx_HAL_Driver/Src/stm32f4xx_hal_tim.o
                0x0000000008001c44                HAL_TIM_IRQHandler
 .text.HAL_TIM_OC_DelayElapsedCallback
                0x0000000008001e54       0x14 ./Drivers/STM32F4xx_HAL_Driver/Src/stm32f4xx_hal_tim.o
                0x0000000008001e54                HAL_TIM_OC_DelayElapsedCallback
 .text.HAL_TIM_IC_CaptureCallback
                0x0000000008001e68       0x14 ./Drivers/STM32F4xx_HAL_Driver/Src/stm32f4xx_hal_tim.o
                0x0000000008001e68                HAL_TIM_IC_CaptureCallback
 .text.HAL_TIM_PWM_PulseFinishedCallback
                0x0000000008001e7c       0x14 ./Drivers/STM32F4xx_HAL_Driver/Src/stm32f4xx_hal_tim.o
                0x0000000008001e7c                HAL_TIM_PWM_PulseFinishedCallback
 .text.HAL_TIM_TriggerCallback
                0x0000000008001e90       0x14 ./Drivers/STM32F4xx_HAL_Driver/Src/stm32f4xx_hal_tim.o
                0x0000000008001e90                HAL_TIM_TriggerCallback
 .text.TIM_Base_SetConfig
                0x0000000008001ea4      0x140 ./Drivers/STM32F4xx_HAL_Driver/Src/stm32f4xx_hal_tim.o
                0x0000000008001ea4                TIM_Base_SetConfig
 .text.HAL_TIMEx_CommutCallback
                0x0000000008001fe4       0x14 ./Drivers/STM32F4xx_HAL_Driver/Src/stm32f4xx_hal_tim_ex.o
                0x0000000008001fe4                HAL_TIMEx_CommutCallback
 .text.HAL_TIMEx_BreakCallback
                0x0000000008001ff8       0x14 ./Drivers/STM32F4xx_HAL_Driver/Src/stm32f4xx_hal_tim_ex.o
                0x0000000008001ff8                HAL_TIMEx_BreakCallback
 .text.HAL_UART_Init
                0x000000000800200c       0x9a ./Drivers/STM32F4xx_HAL_Driver/Src/stm32f4xx_hal_uart.o
                0x000000000800200c                HAL_UART_Init
 *fill*         0x00000000080020a6        0x2 
 .text.UART_SetConfig
                0x00000000080020a8      0x4e8 ./Drivers/STM32F4xx_HAL_Driver/Src/stm32f4xx_hal_uart.o
 .text.vListInitialise
                0x0000000008002590       0x40 ./Third_Party/FreeRTOS/Source/list.o
                0x0000000008002590                vListInitialise
 .text.vListInitialiseItem
                0x00000000080025d0       0x1a ./Third_Party/FreeRTOS/Source/list.o
                0x00000000080025d0                vListInitialiseItem
 .text.vListInsertEnd
                0x00000000080025ea       0x48 ./Third_Party/FreeRTOS/Source/list.o
                0x00000000080025ea                vListInsertEnd
 .text.vListInsert
                0x0000000008002632       0x72 ./Third_Party/FreeRTOS/Source/list.o
                0x0000000008002632                vListInsert
 .text.uxListRemove
                0x00000000080026a4       0x54 ./Third_Party/FreeRTOS/Source/list.o
                0x00000000080026a4                uxListRemove
 .text.xTaskCreate
                0x00000000080026f8       0x82 ./Third_Party/FreeRTOS/Source/tasks.o
                0x00000000080026f8                xTaskCreate
 .text.prvInitialiseNewTask
                0x000000000800277a      0x11c ./Third_Party/FreeRTOS/Source/tasks.o
 *fill*         0x0000000008002896        0x2 
 .text.prvAddNewTaskToReadyList
                0x0000000008002898      0x110 ./Third_Party/FreeRTOS/Source/tasks.o
 .text.xTaskDelayUntil
                0x00000000080029a8      0x104 ./Third_Party/FreeRTOS/Source/tasks.o
                0x00000000080029a8                xTaskDelayUntil
 .text.vTaskDelay
                0x0000000008002aac       0x70 ./Third_Party/FreeRTOS/Source/tasks.o
                0x0000000008002aac                vTaskDelay
 .text.vTaskStartScheduler
                0x0000000008002b1c       0xb8 ./Third_Party/FreeRTOS/Source/tasks.o
                0x0000000008002b1c                vTaskStartScheduler
 .text.vTaskSuspendAll
                0x0000000008002bd4       0x1c ./Third_Party/FreeRTOS/Source/tasks.o
                0x0000000008002bd4                vTaskSuspendAll
 .text.xTaskResumeAll
                0x0000000008002bf0      0x140 ./Third_Party/FreeRTOS/Source/tasks.o
                0x0000000008002bf0                xTaskResumeAll
 .text.xTaskGetTickCount
                0x0000000008002d30       0x20 ./Third_Party/FreeRTOS/Source/tasks.o
                0x0000000008002d30                xTaskGetTickCount
 .text.xTaskGetTickCountFromISR
                0x0000000008002d50       0x24 ./Third_Party/FreeRTOS/Source/tasks.o
                0x0000000008002d50                xTaskGetTickCountFromISR
 .text.xTaskIncrementTick
                0x0000000008002d74      0x178 ./Third_Party/FreeRTOS/Source/tasks.o
                0x0000000008002d74                xTaskIncrementTick
 .text.vTaskSwitchContext
                0x0000000008002eec       0xd4 ./Third_Party/FreeRTOS/Source/tasks.o
                0x0000000008002eec                vTaskSwitchContext
 .text.prvIdleTask
                0x0000000008002fc0       0x30 ./Third_Party/FreeRTOS/Source/tasks.o
 .text.prvInitialiseTaskLists
                0x0000000008002ff0       0x80 ./Third_Party/FreeRTOS/Source/tasks.o
 .text.prvCheckTasksWaitingTermination
                0x0000000008003070       0x5c ./Third_Party/FreeRTOS/Source/tasks.o
 .text.prvDeleteTCB
                0x00000000080030cc       0x20 ./Third_Party/FreeRTOS/Source/tasks.o
 .text.prvResetNextTaskUnblockTime
                0x00000000080030ec       0x38 ./Third_Party/FreeRTOS/Source/tasks.o
 .text.prvAddCurrentTaskToDelayedList
                0x0000000008003124       0xe4 ./Third_Party/FreeRTOS/Source/tasks.o
 .text.pxPortInitialiseStack
                0x0000000008003208       0x68 ./Third_Party/FreeRTOS/Source/portable/GCC/ARM_CM4F/port.o
                0x0000000008003208                pxPortInitialiseStack
 .text.prvTaskExitError
                0x0000000008003270       0x58 ./Third_Party/FreeRTOS/Source/portable/GCC/ARM_CM4F/port.o
 *fill*         0x00000000080032c8        0x8 
 .text.SVC_Handler
                0x00000000080032d0       0x28 ./Third_Party/FreeRTOS/Source/portable/GCC/ARM_CM4F/port.o
                0x00000000080032d0                SVC_Handler
 .text.prvPortStartFirstTask
                0x00000000080032f8       0x2c ./Third_Party/FreeRTOS/Source/portable/GCC/ARM_CM4F/port.o
 .text.vSetVarulMaxPRIGROUPValue
                0x0000000008003324       0x8c ./Third_Party/FreeRTOS/Source/portable/GCC/ARM_CM4F/port.o
                0x0000000008003324                vSetVarulMaxPRIGROUPValue
 .text.xPortStartScheduler
                0x00000000080033b0      0x144 ./Third_Party/FreeRTOS/Source/portable/GCC/ARM_CM4F/port.o
                0x00000000080033b0                xPortStartScheduler
 .text.vPortEnterCritical
                0x00000000080034f4       0x60 ./Third_Party/FreeRTOS/Source/portable/GCC/ARM_CM4F/port.o
                0x00000000080034f4                vPortEnterCritical
 .text.vPortExitCritical
                0x0000000008003554       0x54 ./Third_Party/FreeRTOS/Source/portable/GCC/ARM_CM4F/port.o
                0x0000000008003554                vPortExitCritical
 *fill*         0x00000000080035a8        0x8 
 .text.PendSV_Handler
                0x00000000080035b0       0x68 ./Third_Party/FreeRTOS/Source/portable/GCC/ARM_CM4F/port.o
                0x00000000080035b0                PendSV_Handler
 .text.SysTick_Handler
                0x0000000008003618       0x54 ./Third_Party/FreeRTOS/Source/portable/GCC/ARM_CM4F/port.o
                0x0000000008003618                SysTick_Handler
 .text.vPortSetupTimerInterrupt
                0x000000000800366c       0x48 ./Third_Party/FreeRTOS/Source/portable/GCC/ARM_CM4F/port.o
                0x000000000800366c                vPortSetupTimerInterrupt
 .text.vPortEnableVFP
                0x00000000080036b4       0x18 ./Third_Party/FreeRTOS/Source/portable/GCC/ARM_CM4F/port.o
 .text.vPortValidateInterruptPriority
                0x00000000080036cc       0x80 ./Third_Party/FreeRTOS/Source/portable/GCC/ARM_CM4F/port.o
                0x00000000080036cc                vPortValidateInterruptPriority
 .text.pvPortMalloc
                0x000000000800374c      0x1c0 ./Third_Party/FreeRTOS/Source/portable/MemMang/heap_4.o
                0x000000000800374c                pvPortMalloc
 .text.vPortFree
                0x000000000800390c       0xc4 ./Third_Party/FreeRTOS/Source/portable/MemMang/heap_4.o
                0x000000000800390c                vPortFree
 .text.prvHeapInit
                0x00000000080039d0       0xc4 ./Third_Party/FreeRTOS/Source/portable/MemMang/heap_4.o
 .text.prvInsertBlockIntoFreeList
                0x0000000008003a94       0xb4 ./Third_Party/FreeRTOS/Source/portable/MemMang/heap_4.o
 .text._cbSendSystemDesc
                0x0000000008003b48       0x1c ./Third_Party/SEGGER/Config/SEGGER_SYSVIEW_Config_FreeRTOS.o
 .text.SEGGER_SYSVIEW_Conf
                0x0000000008003b64       0x2c ./Third_Party/SEGGER/Config/SEGGER_SYSVIEW_Config_FreeRTOS.o
                0x0000000008003b64                SEGGER_SYSVIEW_Conf
 .text._cbSendTaskList
                0x0000000008003b90       0x90 ./Third_Party/SEGGER/OS/SEGGER_SYSVIEW_FreeRTOS.o
 .text._cbGetTime
                0x0000000008003c20       0x86 ./Third_Party/SEGGER/OS/SEGGER_SYSVIEW_FreeRTOS.o
 *fill*         0x0000000008003ca6        0x2 
 .text.SYSVIEW_AddTask
                0x0000000008003ca8       0xd0 ./Third_Party/SEGGER/OS/SEGGER_SYSVIEW_FreeRTOS.o
                0x0000000008003ca8                SYSVIEW_AddTask
 .text.SYSVIEW_SendTaskInfo
                0x0000000008003d78       0x42 ./Third_Party/SEGGER/OS/SEGGER_SYSVIEW_FreeRTOS.o
                0x0000000008003d78                SYSVIEW_SendTaskInfo
 *fill*         0x0000000008003dba        0x2 
 .text._DoInit  0x0000000008003dbc       0xb4 ./Third_Party/SEGGER/SEGGER/SEGGER_RTT.o
 .text._WriteBlocking
                0x0000000008003e70       0xba ./Third_Party/SEGGER/SEGGER/SEGGER_RTT.o
 .text._WriteNoCheck
                0x0000000008003f2a       0x90 ./Third_Party/SEGGER/SEGGER/SEGGER_RTT.o
 .text._GetAvailWriteSpace
                0x0000000008003fba       0x46 ./Third_Party/SEGGER/SEGGER/SEGGER_RTT.o
 .text.SEGGER_RTT_ReadNoLock
                0x0000000008004000      0x10c ./Third_Party/SEGGER/SEGGER/SEGGER_RTT.o
                0x0000000008004000                SEGGER_RTT_ReadNoLock
 .text.SEGGER_RTT_WriteNoLock
                0x000000000800410c       0xa0 ./Third_Party/SEGGER/SEGGER/SEGGER_RTT.o
                0x000000000800410c                SEGGER_RTT_WriteNoLock
 .text.SEGGER_RTT_Write
                0x00000000080041ac       0x4c ./Third_Party/SEGGER/SEGGER/SEGGER_RTT.o
                0x00000000080041ac                SEGGER_RTT_Write
 .text.SEGGER_RTT_WriteString
                0x00000000080041f8       0x26 ./Third_Party/SEGGER/SEGGER/SEGGER_RTT.o
                0x00000000080041f8                SEGGER_RTT_WriteString
 *fill*         0x000000000800421e        0x2 
 .text.SEGGER_RTT_AllocUpBuffer
                0x0000000008004220      0x108 ./Third_Party/SEGGER/SEGGER/SEGGER_RTT.o
                0x0000000008004220                SEGGER_RTT_AllocUpBuffer
 .text.SEGGER_RTT_ConfigDownBuffer
                0x0000000008004328       0x98 ./Third_Party/SEGGER/SEGGER/SEGGER_RTT.o
                0x0000000008004328                SEGGER_RTT_ConfigDownBuffer
 .text._StoreChar
                0x00000000080043c0       0x7c ./Third_Party/SEGGER/SEGGER/SEGGER_RTT_printf.o
 .text._PrintUnsigned
                0x000000000800443c      0x158 ./Third_Party/SEGGER/SEGGER/SEGGER_RTT_printf.o
 .text._PrintInt
                0x0000000008004594      0x14e ./Third_Party/SEGGER/SEGGER/SEGGER_RTT_printf.o
 *fill*         0x00000000080046e2        0x2 
 .text.SEGGER_RTT_vprintf
                0x00000000080046e4      0x3a8 ./Third_Party/SEGGER/SEGGER/SEGGER_RTT_printf.o
                0x00000000080046e4                SEGGER_RTT_vprintf
 .text.SEGGER_RTT_printf
                0x0000000008004a8c       0x30 ./Third_Party/SEGGER/SEGGER/SEGGER_RTT_printf.o
                0x0000000008004a8c                SEGGER_RTT_printf
 .text._EncodeStr
                0x0000000008004abc       0x60 ./Third_Party/SEGGER/SEGGER/SEGGER_SYSVIEW.o
 .text._PreparePacket
                0x0000000008004b1c       0x18 ./Third_Party/SEGGER/SEGGER/SEGGER_SYSVIEW.o
 .text._HandleIncomingPacket
                0x0000000008004b34       0xe0 ./Third_Party/SEGGER/SEGGER/SEGGER_SYSVIEW.o
 .text._TrySendOverflowPacket
                0x0000000008004c14       0xe4 ./Third_Party/SEGGER/SEGGER/SEGGER_SYSVIEW.o
 .text._SendPacket
                0x0000000008004cf8      0x2dc ./Third_Party/SEGGER/SEGGER/SEGGER_SYSVIEW.o
 .text.SEGGER_SYSVIEW_Init
                0x0000000008004fd4       0x88 ./Third_Party/SEGGER/SEGGER/SEGGER_SYSVIEW.o
                0x0000000008004fd4                SEGGER_SYSVIEW_Init
 .text.SEGGER_SYSVIEW_SetRAMBase
                0x000000000800505c       0x20 ./Third_Party/SEGGER/SEGGER/SEGGER_SYSVIEW.o
                0x000000000800505c                SEGGER_SYSVIEW_SetRAMBase
 .text.SEGGER_SYSVIEW_RecordVoid
                0x000000000800507c       0x3c ./Third_Party/SEGGER/SEGGER/SEGGER_SYSVIEW.o
                0x000000000800507c                SEGGER_SYSVIEW_RecordVoid
 .text.SEGGER_SYSVIEW_RecordU32
                0x00000000080050b8       0x78 ./Third_Party/SEGGER/SEGGER/SEGGER_SYSVIEW.o
                0x00000000080050b8                SEGGER_SYSVIEW_RecordU32
 .text.SEGGER_SYSVIEW_RecordU32x2
                0x0000000008005130       0xb4 ./Third_Party/SEGGER/SEGGER/SEGGER_SYSVIEW.o
                0x0000000008005130                SEGGER_SYSVIEW_RecordU32x2
 .text.SEGGER_SYSVIEW_Start
                0x00000000080051e4      0x174 ./Third_Party/SEGGER/SEGGER/SEGGER_SYSVIEW.o
                0x00000000080051e4                SEGGER_SYSVIEW_Start
 .text.SEGGER_SYSVIEW_Stop
                0x0000000008005358       0x4c ./Third_Party/SEGGER/SEGGER/SEGGER_SYSVIEW.o
                0x0000000008005358                SEGGER_SYSVIEW_Stop
 .text.SEGGER_SYSVIEW_GetSysDesc
                0x00000000080053a4      0x134 ./Third_Party/SEGGER/SEGGER/SEGGER_SYSVIEW.o
                0x00000000080053a4                SEGGER_SYSVIEW_GetSysDesc
 .text.SEGGER_SYSVIEW_SendTaskInfo
                0x00000000080054d8      0x1c8 ./Third_Party/SEGGER/SEGGER/SEGGER_SYSVIEW.o
                0x00000000080054d8                SEGGER_SYSVIEW_SendTaskInfo
 .text.SEGGER_SYSVIEW_SendTaskList
                0x00000000080056a0       0x28 ./Third_Party/SEGGER/SEGGER/SEGGER_SYSVIEW.o
                0x00000000080056a0                SEGGER_SYSVIEW_SendTaskList
 .text.SEGGER_SYSVIEW_SendSysDesc
                0x00000000080056c8       0x48 ./Third_Party/SEGGER/SEGGER/SEGGER_SYSVIEW.o
                0x00000000080056c8                SEGGER_SYSVIEW_SendSysDesc
 .text.SEGGER_SYSVIEW_RecordSystime
                0x0000000008005710       0x64 ./Third_Party/SEGGER/SEGGER/SEGGER_SYSVIEW.o
                0x0000000008005710                SEGGER_SYSVIEW_RecordSystime
 .text.SEGGER_SYSVIEW_RecordEnterISR
                0x0000000008005774       0x84 ./Third_Party/SEGGER/SEGGER/SEGGER_SYSVIEW.o
                0x0000000008005774                SEGGER_SYSVIEW_RecordEnterISR
 .text.SEGGER_SYSVIEW_RecordExitISR
                0x00000000080057f8       0x38 ./Third_Party/SEGGER/SEGGER/SEGGER_SYSVIEW.o
                0x00000000080057f8                SEGGER_SYSVIEW_RecordExitISR
 .text.SEGGER_SYSVIEW_RecordExitISRToScheduler
                0x0000000008005830       0x38 ./Third_Party/SEGGER/SEGGER/SEGGER_SYSVIEW.o
                0x0000000008005830                SEGGER_SYSVIEW_RecordExitISRToScheduler
 .text.SEGGER_SYSVIEW_OnIdle
                0x0000000008005868       0x38 ./Third_Party/SEGGER/SEGGER/SEGGER_SYSVIEW.o
                0x0000000008005868                SEGGER_SYSVIEW_OnIdle
 .text.SEGGER_SYSVIEW_OnTaskCreate
                0x00000000080058a0       0x84 ./Third_Party/SEGGER/SEGGER/SEGGER_SYSVIEW.o
                0x00000000080058a0                SEGGER_SYSVIEW_OnTaskCreate
 .text.SEGGER_SYSVIEW_OnTaskStartExec
                0x0000000008005924       0x84 ./Third_Party/SEGGER/SEGGER/SEGGER_SYSVIEW.o
                0x0000000008005924                SEGGER_SYSVIEW_OnTaskStartExec
 .text.SEGGER_SYSVIEW_OnTaskStartReady
                0x00000000080059a8       0x84 ./Third_Party/SEGGER/SEGGER/SEGGER_SYSVIEW.o
                0x00000000080059a8                SEGGER_SYSVIEW_OnTaskStartReady
 .text.SEGGER_SYSVIEW_OnTaskStopReady
                0x0000000008005a2c       0xc0 ./Third_Party/SEGGER/SEGGER/SEGGER_SYSVIEW.o
                0x0000000008005a2c                SEGGER_SYSVIEW_OnTaskStopReady
 .text.SEGGER_SYSVIEW_SendModule
                0x0000000008005aec      0x114 ./Third_Party/SEGGER/SEGGER/SEGGER_SYSVIEW.o
                0x0000000008005aec                SEGGER_SYSVIEW_SendModule
 .text.SEGGER_SYSVIEW_SendModuleDescription
                0x0000000008005c00       0x3c ./Third_Party/SEGGER/SEGGER/SEGGER_SYSVIEW.o
                0x0000000008005c00                SEGGER_SYSVIEW_SendModuleDescription
 .text.SEGGER_SYSVIEW_SendNumModules
                0x0000000008005c3c       0x7c ./Third_Party/SEGGER/SEGGER/SEGGER_SYSVIEW.o
                0x0000000008005c3c                SEGGER_SYSVIEW_SendNumModules
 .text.SEGGER_SYSVIEW_Warn
                0x0000000008005cb8       0xb8 ./Third_Party/SEGGER/SEGGER/SEGGER_SYSVIEW.o
                0x0000000008005cb8                SEGGER_SYSVIEW_Warn
 .text.__libc_init_array
                0x0000000008005d70       0x48 /opt/st/stm32cubeide_1.12.1/plugins/com.st.stm32cube.ide.mcu.externaltools.gnu-tools-for-stm32.10.3-2021.10.linux64_1.0.200.202301161003/tools/bin/../lib/gcc/arm-none-eabi/10.3.1/../../../../arm-none-eabi/lib/thumb/v7e-m+fp/hard/libc_nano.a(lib_a-init.o)
                0x0000000008005d70                __libc_init_array
 .text.memcmp   0x0000000008005db8       0x20 /opt/st/stm32cubeide_1.12.1/plugins/com.st.stm32cube.ide.mcu.externaltools.gnu-tools-for-stm32.10.3-2021.10.linux64_1.0.200.202301161003/tools/bin/../lib/gcc/arm-none-eabi/10.3.1/../../../../arm-none-eabi/lib/thumb/v7e-m+fp/hard/libc_nano.a(lib_a-memcmp.o)
                0x0000000008005db8                memcmp
 .text.memcpy   0x0000000008005dd8       0x1c /opt/st/stm32cubeide_1.12.1/plugins/com.st.stm32cube.ide.mcu.externaltools.gnu-tools-for-stm32.10.3-2021.10.linux64_1.0.200.202301161003/tools/bin/../lib/gcc/arm-none-eabi/10.3.1/../../../../arm-none-eabi/lib/thumb/v7e-m+fp/hard/libc_nano.a(lib_a-memcpy-stub.o)
                0x0000000008005dd8                memcpy
 .text.memset   0x0000000008005df4       0x10 /opt/st/stm32cubeide_1.12.1/plugins/com.st.stm32cube.ide.mcu.externaltools.gnu-tools-for-stm32.10.3-2021.10.linux64_1.0.200.202301161003/tools/bin/../lib/gcc/arm-none-eabi/10.3.1/../../../../arm-none-eabi/lib/thumb/v7e-m+fp/hard/libc_nano.a(lib_a-memset.o)
                0x0000000008005df4                memset
 *(.glue_7)
 .glue_7        0x0000000008005e04        0x0 linker stubs
 *(.glue_7t)
 .glue_7t       0x0000000008005e04        0x0 linker stubs
 *(.eh_frame)
 .eh_frame      0x0000000008005e04        0x0 /opt/st/stm32cubeide_1.12.1/plugins/com.st.stm32cube.ide.mcu.externaltools.gnu-tools-for-stm32.10.3-2021.10.linux64_1.0.200.202301161003/tools/bin/../lib/gcc/arm-none-eabi/10.3.1/thumb/v7e-m+fp/hard/crtbegin.o
 *(.init)
 .init          0x0000000008005e04        0x4 /opt/st/stm32cubeide_1.12.1/plugins/com.st.stm32cube.ide.mcu.externaltools.gnu-tools-for-stm32.10.3-2021.10.linux64_1.0.200.202301161003/tools/bin/../lib/gcc/arm-none-eabi/10.3.1/thumb/v7e-m+fp/hard/crti.o
                0x0000000008005e04                _init
 .init          0x0000000008005e08        0x8 /opt/st/stm32cubeide_1.12.1/plugins/com.st.stm32cube.ide.mcu.externaltools.gnu-tools-for-stm32.10.3-2021.10.linux64_1.0.200.202301161003/tools/bin/../lib/gcc/arm-none-eabi/10.3.1/thumb/v7e-m+fp/hard/crtn.o
 *(.fini)
 .fini          0x0000000008005e10        0x4 /opt/st/stm32cubeide_1.12.1/plugins/com.st.stm32cube.ide.mcu.externaltools.gnu-tools-for-stm32.10.3-2021.10.linux64_1.0.200.202301161003/tools/bin/../lib/gcc/arm-none-eabi/10.3.1/thumb/v7e-m+fp/hard/crti.o
                0x0000000008005e10                _fini
 .fini          0x0000000008005e14        0x8 /opt/st/stm32cubeide_1.12.1/plugins/com.st.stm32cube.ide.mcu.externaltools.gnu-tools-for-stm32.10.3-2021.10.linux64_1.0.200.202301161003/tools/bin/../lib/gcc/arm-none-eabi/10.3.1/thumb/v7e-m+fp/hard/crtn.o
                0x0000000008005e1c                . = ALIGN (0x4)
                0x0000000008005e1c                _etext = .

.vfp11_veneer   0x0000000008005e1c        0x0
 .vfp11_veneer  0x0000000008005e1c        0x0 linker stubs

.v4_bx          0x0000000008005e1c        0x0
 .v4_bx         0x0000000008005e1c        0x0 linker stubs

.iplt           0x0000000008005e1c        0x0
 .iplt          0x0000000008005e1c        0x0 /opt/st/stm32cubeide_1.12.1/plugins/com.st.stm32cube.ide.mcu.externaltools.gnu-tools-for-stm32.10.3-2021.10.linux64_1.0.200.202301161003/tools/bin/../lib/gcc/arm-none-eabi/10.3.1/thumb/v7e-m+fp/hard/crtbegin.o

.rodata         0x0000000008005e1c      0x178
                0x0000000008005e1c                . = ALIGN (0x4)
 *(.rodata)
 .rodata        0x0000000008005e1c       0x64 ./Core/Src/main.o
 .rodata        0x0000000008005e80        0x5 ./Third_Party/FreeRTOS/Source/tasks.o
 *fill*         0x0000000008005e85        0x3 
 .rodata        0x0000000008005e88       0x45 ./Third_Party/SEGGER/Config/SEGGER_SYSVIEW_Config_FreeRTOS.o
 *fill*         0x0000000008005ecd        0x3 
 .rodata        0x0000000008005ed0       0x58 ./Third_Party/SEGGER/OS/SEGGER_SYSVIEW_FreeRTOS.o
 .rodata        0x0000000008005f28        0x9 ./Third_Party/SEGGER/SEGGER/SEGGER_RTT.o
 *fill*         0x0000000008005f31        0x3 
 .rodata        0x0000000008005f34       0x10 ./Third_Party/SEGGER/SEGGER/SEGGER_SYSVIEW.o
 *(.rodata*)
 .rodata.AHBPrescTable
                0x0000000008005f44       0x10 ./Core/Src/system_stm32f4xx.o
                0x0000000008005f44                AHBPrescTable
 .rodata.APBPrescTable
                0x0000000008005f54        0x8 ./Core/Src/system_stm32f4xx.o
                0x0000000008005f54                APBPrescTable
 .rodata.SYSVIEW_X_OS_TraceAPI
                0x0000000008005f5c        0x8 ./Third_Party/SEGGER/OS/SEGGER_SYSVIEW_FreeRTOS.o
                0x0000000008005f5c                SYSVIEW_X_OS_TraceAPI
 .rodata._aInitStr.0
                0x0000000008005f64       0x11 ./Third_Party/SEGGER/SEGGER/SEGGER_RTT.o
 *fill*         0x0000000008005f75        0x3 
 .rodata._aV2C.0
                0x0000000008005f78       0x10 ./Third_Party/SEGGER/SEGGER/SEGGER_RTT_printf.o
 .rodata._abSync
                0x0000000008005f88        0xa ./Third_Party/SEGGER/SEGGER/SEGGER_SYSVIEW.o
                0x0000000008005f94                . = ALIGN (0x4)
 *fill*         0x0000000008005f92        0x2 

.ARM.extab      0x0000000008005f94        0x0
                0x0000000008005f94                . = ALIGN (0x4)
 *(.ARM.extab* .gnu.linkonce.armextab.*)
                0x0000000008005f94                . = ALIGN (0x4)

.ARM            0x0000000008005f94        0x8
                0x0000000008005f94                . = ALIGN (0x4)
                0x0000000008005f94                __exidx_start = .
 *(.ARM.exidx*)
 .ARM.exidx     0x0000000008005f94        0x8 /opt/st/stm32cubeide_1.12.1/plugins/com.st.stm32cube.ide.mcu.externaltools.gnu-tools-for-stm32.10.3-2021.10.linux64_1.0.200.202301161003/tools/bin/../lib/gcc/arm-none-eabi/10.3.1/thumb/v7e-m+fp/hard/libgcc.a(_udivmoddi4.o)
                0x0000000008005f9c                __exidx_end = .
                0x0000000008005f9c                . = ALIGN (0x4)

.rel.dyn        0x0000000008005f9c        0x0
 .rel.iplt      0x0000000008005f9c        0x0 /opt/st/stm32cubeide_1.12.1/plugins/com.st.stm32cube.ide.mcu.externaltools.gnu-tools-for-stm32.10.3-2021.10.linux64_1.0.200.202301161003/tools/bin/../lib/gcc/arm-none-eabi/10.3.1/thumb/v7e-m+fp/hard/crtbegin.o

.preinit_array  0x0000000008005f9c        0x0
                0x0000000008005f9c                . = ALIGN (0x4)
                0x0000000008005f9c                PROVIDE (__preinit_array_start = .)
 *(.preinit_array*)
                0x0000000008005f9c                PROVIDE (__preinit_array_end = .)
                0x0000000008005f9c                . = ALIGN (0x4)

.init_array     0x0000000008005f9c        0x4
                0x0000000008005f9c                . = ALIGN (0x4)
                0x0000000008005f9c                PROVIDE (__init_array_start = .)
 *(SORT_BY_NAME(.init_array.*))
 *(.init_array*)
 .init_array    0x0000000008005f9c        0x4 /opt/st/stm32cubeide_1.12.1/plugins/com.st.stm32cube.ide.mcu.externaltools.gnu-tools-for-stm32.10.3-2021.10.linux64_1.0.200.202301161003/tools/bin/../lib/gcc/arm-none-eabi/10.3.1/thumb/v7e-m+fp/hard/crtbegin.o
                0x0000000008005fa0                PROVIDE (__init_array_end = .)
                0x0000000008005fa0                . = ALIGN (0x4)

.fini_array     0x0000000008005fa0        0x4
                0x0000000008005fa0                . = ALIGN (0x4)
                [!provide]                        PROVIDE (__fini_array_start = .)
 *(SORT_BY_NAME(.fini_array.*))
 *(.fini_array*)
 .fini_array    0x0000000008005fa0        0x4 /opt/st/stm32cubeide_1.12.1/plugins/com.st.stm32cube.ide.mcu.externaltools.gnu-tools-for-stm32.10.3-2021.10.linux64_1.0.200.202301161003/tools/bin/../lib/gcc/arm-none-eabi/10.3.1/thumb/v7e-m+fp/hard/crtbegin.o
                [!provide]                        PROVIDE (__fini_array_end = .)
                0x0000000008005fa4                . = ALIGN (0x4)
                0x0000000008005fa4                _sidata = LOADADDR (.data)

.data           0x0000000020000000       0x14 load address 0x0000000008005fa4
                0x0000000020000000                . = ALIGN (0x4)
                0x0000000020000000                _sdata = .
 *(.data)
 *(.data*)
 .data.SystemCoreClock
                0x0000000020000000        0x4 ./Core/Src/system_stm32f4xx.o
                0x0000000020000000                SystemCoreClock
 .data.uwTickPrio
                0x0000000020000004        0x4 ./Drivers/STM32F4xx_HAL_Driver/Src/stm32f4xx_hal.o
                0x0000000020000004                uwTickPrio
 .data.uwTickFreq
                0x0000000020000008        0x1 ./Drivers/STM32F4xx_HAL_Driver/Src/stm32f4xx_hal.o
                0x0000000020000008                uwTickFreq
 *fill*         0x0000000020000009        0x3 
 .data.uxTopUsedPriority
                0x000000002000000c        0x4 ./Third_Party/FreeRTOS/Source/tasks.o
                0x000000002000000c                uxTopUsedPriority
 .data.uxCriticalNesting
                0x0000000020000010        0x4 ./Third_Party/FreeRTOS/Source/portable/GCC/ARM_CM4F/port.o
 *(.RamFunc)
 *(.RamFunc*)
                0x0000000020000014                . = ALIGN (0x4)
                0x0000000020000014                _edata = .

.igot.plt       0x0000000020000014        0x0 load address 0x0000000008005fb8
 .igot.plt      0x0000000020000014        0x0 /opt/st/stm32cubeide_1.12.1/plugins/com.st.stm32cube.ide.mcu.externaltools.gnu-tools-for-stm32.10.3-2021.10.linux64_1.0.200.202301161003/tools/bin/../lib/gcc/arm-none-eabi/10.3.1/thumb/v7e-m+fp/hard/crtbegin.o
                0x0000000020000014                . = ALIGN (0x4)

.bss            0x0000000020000014     0x5c80 load address 0x0000000008005fb8
                0x0000000020000014                _sbss = .
                0x0000000020000014                __bss_start__ = _sbss
 *(.bss)
 .bss           0x0000000020000014       0x1c /opt/st/stm32cubeide_1.12.1/plugins/com.st.stm32cube.ide.mcu.externaltools.gnu-tools-for-stm32.10.3-2021.10.linux64_1.0.200.202301161003/tools/bin/../lib/gcc/arm-none-eabi/10.3.1/thumb/v7e-m+fp/hard/crtbegin.o
 *(.bss*)
 .bss.xTaskHander1
                0x0000000020000030        0x4 ./Core/Src/main.o
                0x0000000020000030                xTaskHander1
 .bss.xTaskHander2
                0x0000000020000034        0x4 ./Core/Src/main.o
                0x0000000020000034                xTaskHander2
 .bss.huart2    0x0000000020000038       0x44 ./Core/Src/main.o
                0x0000000020000038                huart2
 .bss.htim14    0x000000002000007c       0x48 ./Core/Src/stm32f4xx_hal_timebase_tim.o
                0x000000002000007c                htim14
 .bss.uwTick    0x00000000200000c4        0x4 ./Drivers/STM32F4xx_HAL_Driver/Src/stm32f4xx_hal.o
                0x00000000200000c4                uwTick
 .bss.pxCurrentTCB
                0x00000000200000c8        0x4 ./Third_Party/FreeRTOS/Source/tasks.o
                0x00000000200000c8                pxCurrentTCB
 .bss.pxReadyTasksLists
                0x00000000200000cc       0x8c ./Third_Party/FreeRTOS/Source/tasks.o
 .bss.xDelayedTaskList1
                0x0000000020000158       0x14 ./Third_Party/FreeRTOS/Source/tasks.o
 .bss.xDelayedTaskList2
                0x000000002000016c       0x14 ./Third_Party/FreeRTOS/Source/tasks.o
 .bss.pxDelayedTaskList
                0x0000000020000180        0x4 ./Third_Party/FreeRTOS/Source/tasks.o
 .bss.pxOverflowDelayedTaskList
                0x0000000020000184        0x4 ./Third_Party/FreeRTOS/Source/tasks.o
 .bss.xPendingReadyList
                0x0000000020000188       0x14 ./Third_Party/FreeRTOS/Source/tasks.o
 .bss.xTasksWaitingTermination
                0x000000002000019c       0x14 ./Third_Party/FreeRTOS/Source/tasks.o
 .bss.uxDeletedTasksWaitingCleanUp
                0x00000000200001b0        0x4 ./Third_Party/FreeRTOS/Source/tasks.o
 .bss.xSuspendedTaskList
                0x00000000200001b4       0x14 ./Third_Party/FreeRTOS/Source/tasks.o
 .bss.uxCurrentNumberOfTasks
                0x00000000200001c8        0x4 ./Third_Party/FreeRTOS/Source/tasks.o
 .bss.xTickCount
                0x00000000200001cc        0x4 ./Third_Party/FreeRTOS/Source/tasks.o
 .bss.uxTopReadyPriority
                0x00000000200001d0        0x4 ./Third_Party/FreeRTOS/Source/tasks.o
 .bss.xSchedulerRunning
                0x00000000200001d4        0x4 ./Third_Party/FreeRTOS/Source/tasks.o
 .bss.xPendedTicks
                0x00000000200001d8        0x4 ./Third_Party/FreeRTOS/Source/tasks.o
 .bss.xYieldPending
                0x00000000200001dc        0x4 ./Third_Party/FreeRTOS/Source/tasks.o
 .bss.xNumOfOverflows
                0x00000000200001e0        0x4 ./Third_Party/FreeRTOS/Source/tasks.o
 .bss.uxTaskNumber
                0x00000000200001e4        0x4 ./Third_Party/FreeRTOS/Source/tasks.o
 .bss.xNextTaskUnblockTime
                0x00000000200001e8        0x4 ./Third_Party/FreeRTOS/Source/tasks.o
 .bss.xIdleTaskHandle
                0x00000000200001ec        0x4 ./Third_Party/FreeRTOS/Source/tasks.o
 .bss.uxSchedulerSuspended
                0x00000000200001f0        0x4 ./Third_Party/FreeRTOS/Source/tasks.o
 .bss.ucMaxSysCallPriority
                0x00000000200001f4        0x1 ./Third_Party/FreeRTOS/Source/portable/GCC/ARM_CM4F/port.o
 *fill*         0x00000000200001f5        0x3 
 .bss.ulMaxPRIGROUPValue
                0x00000000200001f8        0x4 ./Third_Party/FreeRTOS/Source/portable/GCC/ARM_CM4F/port.o
 .bss.ucHeap    0x00000000200001fc     0x3c00 ./Third_Party/FreeRTOS/Source/portable/MemMang/heap_4.o
 .bss.xStart    0x0000000020003dfc        0x8 ./Third_Party/FreeRTOS/Source/portable/MemMang/heap_4.o
 .bss.pxEnd     0x0000000020003e04        0x4 ./Third_Party/FreeRTOS/Source/portable/MemMang/heap_4.o
 .bss.xFreeBytesRemaining
                0x0000000020003e08        0x4 ./Third_Party/FreeRTOS/Source/portable/MemMang/heap_4.o
 .bss.xMinimumEverFreeBytesRemaining
                0x0000000020003e0c        0x4 ./Third_Party/FreeRTOS/Source/portable/MemMang/heap_4.o
 .bss.xNumberOfSuccessfulAllocations
                0x0000000020003e10        0x4 ./Third_Party/FreeRTOS/Source/portable/MemMang/heap_4.o
 .bss.xNumberOfSuccessfulFrees
                0x0000000020003e14        0x4 ./Third_Party/FreeRTOS/Source/portable/MemMang/heap_4.o
 .bss.xBlockAllocatedBit
                0x0000000020003e18        0x4 ./Third_Party/FreeRTOS/Source/portable/MemMang/heap_4.o
 .bss._aTasks   0x0000000020003e1c       0xa0 ./Third_Party/SEGGER/OS/SEGGER_SYSVIEW_FreeRTOS.o
 .bss._NumTasks
                0x0000000020003ebc        0x4 ./Third_Party/SEGGER/OS/SEGGER_SYSVIEW_FreeRTOS.o
 .bss._SEGGER_RTT
                0x0000000020003ec0       0xa8 ./Third_Party/SEGGER/SEGGER/SEGGER_RTT.o
                0x0000000020003ec0                _SEGGER_RTT
 .bss._acUpBuffer
                0x0000000020003f68      0x400 ./Third_Party/SEGGER/SEGGER/SEGGER_RTT.o
 .bss._acDownBuffer
                0x0000000020004368       0x10 ./Third_Party/SEGGER/SEGGER/SEGGER_RTT.o
 .bss._UpBuffer
                0x0000000020004378     0x1800 ./Third_Party/SEGGER/SEGGER/SEGGER_SYSVIEW.o
 .bss._DownBuffer
                0x0000000020005b78        0x8 ./Third_Party/SEGGER/SEGGER/SEGGER_SYSVIEW.o
 .bss._SYSVIEW_Globals
                0x0000000020005b80       0x28 ./Third_Party/SEGGER/SEGGER/SEGGER_SYSVIEW.o
 .bss._pFirstModule
                0x0000000020005ba8        0x4 ./Third_Party/SEGGER/SEGGER/SEGGER_SYSVIEW.o
 .bss._NumModules
                0x0000000020005bac        0x1 ./Third_Party/SEGGER/SEGGER/SEGGER_SYSVIEW.o
 *fill*         0x0000000020005bad        0x3 
 .bss._aPacket  0x0000000020005bb0       0xe3 ./Third_Party/SEGGER/SEGGER/SEGGER_SYSVIEW.o
 *(COMMON)
                0x0000000020005c94                . = ALIGN (0x4)
 *fill*         0x0000000020005c93        0x1 
                0x0000000020005c94                _ebss = .
                0x0000000020005c94                __bss_end__ = _ebss

._user_heap_stack
                0x0000000020005c94      0x604 load address 0x0000000008005fb8
                0x0000000020005c98                . = ALIGN (0x8)
 *fill*         0x0000000020005c94        0x4 
                [!provide]                        PROVIDE (end = .)
                0x0000000020005c98                PROVIDE (_end = .)
                0x0000000020005e98                . = (. + _Min_Heap_Size)
 *fill*         0x0000000020005c98      0x200 
                0x0000000020006298                . = (. + _Min_Stack_Size)
 *fill*         0x0000000020005e98      0x400 
                0x0000000020006298                . = ALIGN (0x8)

/DISCARD/
 libc.a(*)
 libm.a(*)
 libgcc.a(*)

.ARM.attributes
                0x0000000000000000       0x30
 *(.ARM.attributes)
 .ARM.attributes
                0x0000000000000000       0x1e /opt/st/stm32cubeide_1.12.1/plugins/com.st.stm32cube.ide.mcu.externaltools.gnu-tools-for-stm32.10.3-2021.10.linux64_1.0.200.202301161003/tools/bin/../lib/gcc/arm-none-eabi/10.3.1/thumb/v7e-m+fp/hard/crti.o
 .ARM.attributes
                0x000000000000001e       0x34 /opt/st/stm32cubeide_1.12.1/plugins/com.st.stm32cube.ide.mcu.externaltools.gnu-tools-for-stm32.10.3-2021.10.linux64_1.0.200.202301161003/tools/bin/../lib/gcc/arm-none-eabi/10.3.1/thumb/v7e-m+fp/hard/crtbegin.o
 .ARM.attributes
                0x0000000000000052       0x34 ./Core/Src/main.o
 .ARM.attributes
                0x0000000000000086       0x34 ./Core/Src/stm32f4xx_hal_msp.o
 .ARM.attributes
                0x00000000000000ba       0x34 ./Core/Src/stm32f4xx_hal_timebase_tim.o
 .ARM.attributes
                0x00000000000000ee       0x34 ./Core/Src/stm32f4xx_it.o
 .ARM.attributes
                0x0000000000000122       0x34 ./Core/Src/system_stm32f4xx.o
 .ARM.attributes
                0x0000000000000156       0x21 ./Core/Startup/startup_stm32f412zgtx.o
 .ARM.attributes
                0x0000000000000177       0x34 ./Drivers/STM32F4xx_HAL_Driver/Src/stm32f4xx_hal.o
 .ARM.attributes
                0x00000000000001ab       0x34 ./Drivers/STM32F4xx_HAL_Driver/Src/stm32f4xx_hal_cortex.o
 .ARM.attributes
                0x00000000000001df       0x34 ./Drivers/STM32F4xx_HAL_Driver/Src/stm32f4xx_hal_gpio.o
 .ARM.attributes
                0x0000000000000213       0x34 ./Drivers/STM32F4xx_HAL_Driver/Src/stm32f4xx_hal_rcc.o
 .ARM.attributes
                0x0000000000000247       0x34 ./Drivers/STM32F4xx_HAL_Driver/Src/stm32f4xx_hal_rcc_ex.o
 .ARM.attributes
                0x000000000000027b       0x34 ./Drivers/STM32F4xx_HAL_Driver/Src/stm32f4xx_hal_tim.o
 .ARM.attributes
                0x00000000000002af       0x34 ./Drivers/STM32F4xx_HAL_Driver/Src/stm32f4xx_hal_tim_ex.o
 .ARM.attributes
                0x00000000000002e3       0x34 ./Drivers/STM32F4xx_HAL_Driver/Src/stm32f4xx_hal_uart.o
 .ARM.attributes
                0x0000000000000317       0x34 ./Third_Party/FreeRTOS/Source/list.o
 .ARM.attributes
                0x000000000000034b       0x34 ./Third_Party/FreeRTOS/Source/tasks.o
 .ARM.attributes
                0x000000000000037f       0x34 ./Third_Party/FreeRTOS/Source/portable/GCC/ARM_CM4F/port.o
 .ARM.attributes
                0x00000000000003b3       0x34 ./Third_Party/FreeRTOS/Source/portable/MemMang/heap_4.o
 .ARM.attributes
                0x00000000000003e7       0x34 ./Third_Party/SEGGER/Config/SEGGER_SYSVIEW_Config_FreeRTOS.o
 .ARM.attributes
                0x000000000000041b       0x34 ./Third_Party/SEGGER/OS/SEGGER_SYSVIEW_FreeRTOS.o
 .ARM.attributes
                0x000000000000044f       0x34 ./Third_Party/SEGGER/SEGGER/SEGGER_RTT.o
 .ARM.attributes
                0x0000000000000483       0x20 ./Third_Party/SEGGER/SEGGER/SEGGER_RTT_ASM_ARMv7M.o
 .ARM.attributes
                0x00000000000004a3       0x34 ./Third_Party/SEGGER/SEGGER/SEGGER_RTT_printf.o
 .ARM.attributes
                0x00000000000004d7       0x34 ./Third_Party/SEGGER/SEGGER/SEGGER_SYSVIEW.o
 .ARM.attributes
                0x000000000000050b       0x34 /opt/st/stm32cubeide_1.12.1/plugins/com.st.stm32cube.ide.mcu.externaltools.gnu-tools-for-stm32.10.3-2021.10.linux64_1.0.200.202301161003/tools/bin/../lib/gcc/arm-none-eabi/10.3.1/../../../../arm-none-eabi/lib/thumb/v7e-m+fp/hard/libc_nano.a(lib_a-init.o)
 .ARM.attributes
                0x000000000000053f       0x34 /opt/st/stm32cubeide_1.12.1/plugins/com.st.stm32cube.ide.mcu.externaltools.gnu-tools-for-stm32.10.3-2021.10.linux64_1.0.200.202301161003/tools/bin/../lib/gcc/arm-none-eabi/10.3.1/../../../../arm-none-eabi/lib/thumb/v7e-m+fp/hard/libc_nano.a(lib_a-memcmp.o)
 .ARM.attributes
                0x0000000000000573       0x34 /opt/st/stm32cubeide_1.12.1/plugins/com.st.stm32cube.ide.mcu.externaltools.gnu-tools-for-stm32.10.3-2021.10.linux64_1.0.200.202301161003/tools/bin/../lib/gcc/arm-none-eabi/10.3.1/../../../../arm-none-eabi/lib/thumb/v7e-m+fp/hard/libc_nano.a(lib_a-memcpy-stub.o)
 .ARM.attributes
                0x00000000000005a7       0x34 /opt/st/stm32cubeide_1.12.1/plugins/com.st.stm32cube.ide.mcu.externaltools.gnu-tools-for-stm32.10.3-2021.10.linux64_1.0.200.202301161003/tools/bin/../lib/gcc/arm-none-eabi/10.3.1/../../../../arm-none-eabi/lib/thumb/v7e-m+fp/hard/libc_nano.a(lib_a-memset.o)
 .ARM.attributes
                0x00000000000005db       0x17 /opt/st/stm32cubeide_1.12.1/plugins/com.st.stm32cube.ide.mcu.externaltools.gnu-tools-for-stm32.10.3-2021.10.linux64_1.0.200.202301161003/tools/bin/../lib/gcc/arm-none-eabi/10.3.1/../../../../arm-none-eabi/lib/thumb/v7e-m+fp/hard/libc_nano.a(lib_a-strlen.o)
 .ARM.attributes
                0x00000000000005f2       0x1e /opt/st/stm32cubeide_1.12.1/plugins/com.st.stm32cube.ide.mcu.externaltools.gnu-tools-for-stm32.10.3-2021.10.linux64_1.0.200.202301161003/tools/bin/../lib/gcc/arm-none-eabi/10.3.1/thumb/v7e-m+fp/hard/libgcc.a(_aeabi_uldivmod.o)
 .ARM.attributes
                0x0000000000000610       0x34 /opt/st/stm32cubeide_1.12.1/plugins/com.st.stm32cube.ide.mcu.externaltools.gnu-tools-for-stm32.10.3-2021.10.linux64_1.0.200.202301161003/tools/bin/../lib/gcc/arm-none-eabi/10.3.1/thumb/v7e-m+fp/hard/libgcc.a(_udivmoddi4.o)
 .ARM.attributes
                0x0000000000000644       0x1e /opt/st/stm32cubeide_1.12.1/plugins/com.st.stm32cube.ide.mcu.externaltools.gnu-tools-for-stm32.10.3-2021.10.linux64_1.0.200.202301161003/tools/bin/../lib/gcc/arm-none-eabi/10.3.1/thumb/v7e-m+fp/hard/libgcc.a(_dvmd_tls.o)
 .ARM.attributes
                0x0000000000000662       0x1e /opt/st/stm32cubeide_1.12.1/plugins/com.st.stm32cube.ide.mcu.externaltools.gnu-tools-for-stm32.10.3-2021.10.linux64_1.0.200.202301161003/tools/bin/../lib/gcc/arm-none-eabi/10.3.1/thumb/v7e-m+fp/hard/crtn.o
OUTPUT(FreeRTOS_Template.elf elf32-littlearm)
LOAD linker stubs
LOAD /opt/st/stm32cubeide_1.12.1/plugins/com.st.stm32cube.ide.mcu.externaltools.gnu-tools-for-stm32.10.3-2021.10.linux64_1.0.200.202301161003/tools/bin/../lib/gcc/arm-none-eabi/10.3.1/../../../../arm-none-eabi/lib/thumb/v7e-m+fp/hard/libc.a
LOAD /opt/st/stm32cubeide_1.12.1/plugins/com.st.stm32cube.ide.mcu.externaltools.gnu-tools-for-stm32.10.3-2021.10.linux64_1.0.200.202301161003/tools/bin/../lib/gcc/arm-none-eabi/10.3.1/../../../../arm-none-eabi/lib/thumb/v7e-m+fp/hard/libm.a
LOAD /opt/st/stm32cubeide_1.12.1/plugins/com.st.stm32cube.ide.mcu.externaltools.gnu-tools-for-stm32.10.3-2021.10.linux64_1.0.200.202301161003/tools/bin/../lib/gcc/arm-none-eabi/10.3.1/thumb/v7e-m+fp/hard/libgcc.a

.debug_info     0x0000000000000000    0x16700
 .debug_info    0x0000000000000000     0x131f ./Core/Src/main.o
 .debug_info    0x000000000000131f      0x9a3 ./Core/Src/stm32f4xx_hal_msp.o
 .debug_info    0x0000000000001cc2      0xc71 ./Core/Src/stm32f4xx_hal_timebase_tim.o
 .debug_info    0x0000000000002933      0x6f8 ./Core/Src/stm32f4xx_it.o
 .debug_info    0x000000000000302b      0x55b ./Core/Src/system_stm32f4xx.o
 .debug_info    0x0000000000003586       0x22 ./Core/Startup/startup_stm32f412zgtx.o
 .debug_info    0x00000000000035a8      0x9a2 ./Drivers/STM32F4xx_HAL_Driver/Src/stm32f4xx_hal.o
 .debug_info    0x0000000000003f4a      0xe09 ./Drivers/STM32F4xx_HAL_Driver/Src/stm32f4xx_hal_cortex.o
 .debug_info    0x0000000000004d53      0x7be ./Drivers/STM32F4xx_HAL_Driver/Src/stm32f4xx_hal_gpio.o
 .debug_info    0x0000000000005511      0x9ab ./Drivers/STM32F4xx_HAL_Driver/Src/stm32f4xx_hal_rcc.o
 .debug_info    0x0000000000005ebc      0x801 ./Drivers/STM32F4xx_HAL_Driver/Src/stm32f4xx_hal_rcc_ex.o
 .debug_info    0x00000000000066bd     0x2bbe ./Drivers/STM32F4xx_HAL_Driver/Src/stm32f4xx_hal_tim.o
 .debug_info    0x000000000000927b     0x15e0 ./Drivers/STM32F4xx_HAL_Driver/Src/stm32f4xx_hal_tim_ex.o
 .debug_info    0x000000000000a85b     0x31bc ./Drivers/STM32F4xx_HAL_Driver/Src/stm32f4xx_hal_uart.o
 .debug_info    0x000000000000da17      0x2d1 ./Third_Party/FreeRTOS/Source/list.o
 .debug_info    0x000000000000dce8     0x2058 ./Third_Party/FreeRTOS/Source/tasks.o
 .debug_info    0x000000000000fd40      0x574 ./Third_Party/FreeRTOS/Source/portable/GCC/ARM_CM4F/port.o
 .debug_info    0x00000000000102b4      0x50b ./Third_Party/FreeRTOS/Source/portable/MemMang/heap_4.o
 .debug_info    0x00000000000107bf      0x182 ./Third_Party/SEGGER/Config/SEGGER_SYSVIEW_Config_FreeRTOS.o
 .debug_info    0x0000000000010941      0x43e ./Third_Party/SEGGER/OS/SEGGER_SYSVIEW_FreeRTOS.o
 .debug_info    0x0000000000010d7f     0x15df ./Third_Party/SEGGER/SEGGER/SEGGER_RTT.o
 .debug_info    0x000000000001235e       0x26 ./Third_Party/SEGGER/SEGGER/SEGGER_RTT_ASM_ARMv7M.o
 .debug_info    0x0000000000012384      0x44b ./Third_Party/SEGGER/SEGGER/SEGGER_RTT_printf.o
 .debug_info    0x00000000000127cf     0x3f31 ./Third_Party/SEGGER/SEGGER/SEGGER_SYSVIEW.o

.debug_abbrev   0x0000000000000000     0x2e73
 .debug_abbrev  0x0000000000000000      0x31b ./Core/Src/main.o
 .debug_abbrev  0x000000000000031b      0x19b ./Core/Src/stm32f4xx_hal_msp.o
 .debug_abbrev  0x00000000000004b6      0x1e6 ./Core/Src/stm32f4xx_hal_timebase_tim.o
 .debug_abbrev  0x000000000000069c      0x171 ./Core/Src/stm32f4xx_it.o
 .debug_abbrev  0x000000000000080d      0x116 ./Core/Src/system_stm32f4xx.o
 .debug_abbrev  0x0000000000000923       0x12 ./Core/Startup/startup_stm32f412zgtx.o
 .debug_abbrev  0x0000000000000935      0x20d ./Drivers/STM32F4xx_HAL_Driver/Src/stm32f4xx_hal.o
 .debug_abbrev  0x0000000000000b42      0x316 ./Drivers/STM32F4xx_HAL_Driver/Src/stm32f4xx_hal_cortex.o
 .debug_abbrev  0x0000000000000e58      0x1c4 ./Drivers/STM32F4xx_HAL_Driver/Src/stm32f4xx_hal_gpio.o
 .debug_abbrev  0x000000000000101c      0x2aa ./Drivers/STM32F4xx_HAL_Driver/Src/stm32f4xx_hal_rcc.o
 .debug_abbrev  0x00000000000012c6      0x1d9 ./Drivers/STM32F4xx_HAL_Driver/Src/stm32f4xx_hal_rcc_ex.o
 .debug_abbrev  0x000000000000149f      0x25d ./Drivers/STM32F4xx_HAL_Driver/Src/stm32f4xx_hal_tim.o
 .debug_abbrev  0x00000000000016fc      0x265 ./Drivers/STM32F4xx_HAL_Driver/Src/stm32f4xx_hal_tim_ex.o
 .debug_abbrev  0x0000000000001961      0x2f4 ./Drivers/STM32F4xx_HAL_Driver/Src/stm32f4xx_hal_uart.o
 .debug_abbrev  0x0000000000001c55       0xf2 ./Third_Party/FreeRTOS/Source/list.o
 .debug_abbrev  0x0000000000001d47      0x35d ./Third_Party/FreeRTOS/Source/tasks.o
 .debug_abbrev  0x00000000000020a4      0x259 ./Third_Party/FreeRTOS/Source/portable/GCC/ARM_CM4F/port.o
 .debug_abbrev  0x00000000000022fd      0x212 ./Third_Party/FreeRTOS/Source/portable/MemMang/heap_4.o
 .debug_abbrev  0x000000000000250f       0xf2 ./Third_Party/SEGGER/Config/SEGGER_SYSVIEW_Config_FreeRTOS.o
 .debug_abbrev  0x0000000000002601      0x189 ./Third_Party/SEGGER/OS/SEGGER_SYSVIEW_FreeRTOS.o
 .debug_abbrev  0x000000000000278a      0x216 ./Third_Party/SEGGER/SEGGER/SEGGER_RTT.o
 .debug_abbrev  0x00000000000029a0       0x14 ./Third_Party/SEGGER/SEGGER/SEGGER_RTT_ASM_ARMv7M.o
 .debug_abbrev  0x00000000000029b4      0x1b3 ./Third_Party/SEGGER/SEGGER/SEGGER_RTT_printf.o
 .debug_abbrev  0x0000000000002b67      0x30c ./Third_Party/SEGGER/SEGGER/SEGGER_SYSVIEW.o

.debug_aranges  0x0000000000000000     0x13b8
 .debug_aranges
                0x0000000000000000       0x60 ./Core/Src/main.o
 .debug_aranges
                0x0000000000000060       0x30 ./Core/Src/stm32f4xx_hal_msp.o
 .debug_aranges
                0x0000000000000090       0x30 ./Core/Src/stm32f4xx_hal_timebase_tim.o
 .debug_aranges
                0x00000000000000c0       0x50 ./Core/Src/stm32f4xx_it.o
 .debug_aranges
                0x0000000000000110       0x28 ./Core/Src/system_stm32f4xx.o
 .debug_aranges
                0x0000000000000138       0x28 ./Core/Startup/startup_stm32f412zgtx.o
 .debug_aranges
                0x0000000000000160       0xf0 ./Drivers/STM32F4xx_HAL_Driver/Src/stm32f4xx_hal.o
 .debug_aranges
                0x0000000000000250      0x118 ./Drivers/STM32F4xx_HAL_Driver/Src/stm32f4xx_hal_cortex.o
 .debug_aranges
                0x0000000000000368       0x58 ./Drivers/STM32F4xx_HAL_Driver/Src/stm32f4xx_hal_gpio.o
 .debug_aranges
                0x00000000000003c0       0x88 ./Drivers/STM32F4xx_HAL_Driver/Src/stm32f4xx_hal_rcc.o
 .debug_aranges
                0x0000000000000448       0x60 ./Drivers/STM32F4xx_HAL_Driver/Src/stm32f4xx_hal_rcc_ex.o
 .debug_aranges
                0x00000000000004a8      0x3d0 ./Drivers/STM32F4xx_HAL_Driver/Src/stm32f4xx_hal_tim.o
 .debug_aranges
                0x0000000000000878      0x168 ./Drivers/STM32F4xx_HAL_Driver/Src/stm32f4xx_hal_tim_ex.o
 .debug_aranges
                0x00000000000009e0      0x200 ./Drivers/STM32F4xx_HAL_Driver/Src/stm32f4xx_hal_uart.o
 .debug_aranges
                0x0000000000000be0       0x40 ./Third_Party/FreeRTOS/Source/list.o
 .debug_aranges
                0x0000000000000c20      0x1d0 ./Third_Party/FreeRTOS/Source/tasks.o
 .debug_aranges
                0x0000000000000df0       0x88 ./Third_Party/FreeRTOS/Source/portable/GCC/ARM_CM4F/port.o
 .debug_aranges
                0x0000000000000e78       0x58 ./Third_Party/FreeRTOS/Source/portable/MemMang/heap_4.o
 .debug_aranges
                0x0000000000000ed0       0x28 ./Third_Party/SEGGER/Config/SEGGER_SYSVIEW_Config_FreeRTOS.o
 .debug_aranges
                0x0000000000000ef8       0x48 ./Third_Party/SEGGER/OS/SEGGER_SYSVIEW_FreeRTOS.o
 .debug_aranges
                0x0000000000000f40      0x138 ./Third_Party/SEGGER/SEGGER/SEGGER_RTT.o
 .debug_aranges
                0x0000000000001078       0x20 ./Third_Party/SEGGER/SEGGER/SEGGER_RTT_ASM_ARMv7M.o
 .debug_aranges
                0x0000000000001098       0x40 ./Third_Party/SEGGER/SEGGER/SEGGER_RTT_printf.o
 .debug_aranges
                0x00000000000010d8      0x2e0 ./Third_Party/SEGGER/SEGGER/SEGGER_SYSVIEW.o

.debug_ranges   0x0000000000000000     0x1278
 .debug_ranges  0x0000000000000000       0x50 ./Core/Src/main.o
 .debug_ranges  0x0000000000000050       0x20 ./Core/Src/stm32f4xx_hal_msp.o
 .debug_ranges  0x0000000000000070       0x20 ./Core/Src/stm32f4xx_hal_timebase_tim.o
 .debug_ranges  0x0000000000000090       0x40 ./Core/Src/stm32f4xx_it.o
 .debug_ranges  0x00000000000000d0       0x18 ./Core/Src/system_stm32f4xx.o
 .debug_ranges  0x00000000000000e8       0x20 ./Core/Startup/startup_stm32f412zgtx.o
 .debug_ranges  0x0000000000000108       0xe0 ./Drivers/STM32F4xx_HAL_Driver/Src/stm32f4xx_hal.o
 .debug_ranges  0x00000000000001e8      0x108 ./Drivers/STM32F4xx_HAL_Driver/Src/stm32f4xx_hal_cortex.o
 .debug_ranges  0x00000000000002f0       0x48 ./Drivers/STM32F4xx_HAL_Driver/Src/stm32f4xx_hal_gpio.o
 .debug_ranges  0x0000000000000338       0x78 ./Drivers/STM32F4xx_HAL_Driver/Src/stm32f4xx_hal_rcc.o
 .debug_ranges  0x00000000000003b0       0x50 ./Drivers/STM32F4xx_HAL_Driver/Src/stm32f4xx_hal_rcc_ex.o
 .debug_ranges  0x0000000000000400      0x3c0 ./Drivers/STM32F4xx_HAL_Driver/Src/stm32f4xx_hal_tim.o
 .debug_ranges  0x00000000000007c0      0x158 ./Drivers/STM32F4xx_HAL_Driver/Src/stm32f4xx_hal_tim_ex.o
 .debug_ranges  0x0000000000000918      0x220 ./Drivers/STM32F4xx_HAL_Driver/Src/stm32f4xx_hal_uart.o
 .debug_ranges  0x0000000000000b38       0x30 ./Third_Party/FreeRTOS/Source/list.o
 .debug_ranges  0x0000000000000b68      0x1c0 ./Third_Party/FreeRTOS/Source/tasks.o
 .debug_ranges  0x0000000000000d28       0x78 ./Third_Party/FreeRTOS/Source/portable/GCC/ARM_CM4F/port.o
 .debug_ranges  0x0000000000000da0       0x48 ./Third_Party/FreeRTOS/Source/portable/MemMang/heap_4.o
 .debug_ranges  0x0000000000000de8       0x18 ./Third_Party/SEGGER/Config/SEGGER_SYSVIEW_Config_FreeRTOS.o
 .debug_ranges  0x0000000000000e00       0x38 ./Third_Party/SEGGER/OS/SEGGER_SYSVIEW_FreeRTOS.o
 .debug_ranges  0x0000000000000e38      0x128 ./Third_Party/SEGGER/SEGGER/SEGGER_RTT.o
 .debug_ranges  0x0000000000000f60       0x48 ./Third_Party/SEGGER/SEGGER/SEGGER_RTT_printf.o
 .debug_ranges  0x0000000000000fa8      0x2d0 ./Third_Party/SEGGER/SEGGER/SEGGER_SYSVIEW.o

.debug_macro    0x0000000000000000    0x217e9
 .debug_macro   0x0000000000000000      0x2e8 ./Core/Src/main.o
 .debug_macro   0x00000000000002e8      0xa78 ./Core/Src/main.o
 .debug_macro   0x0000000000000d60      0x29b ./Core/Src/main.o
 .debug_macro   0x0000000000000ffb       0x2e ./Core/Src/main.o
 .debug_macro   0x0000000000001029       0x28 ./Core/Src/main.o
 .debug_macro   0x0000000000001051       0x22 ./Core/Src/main.o
 .debug_macro   0x0000000000001073       0x8e ./Core/Src/main.o
 .debug_macro   0x0000000000001101       0x51 ./Core/Src/main.o
 .debug_macro   0x0000000000001152      0x103 ./Core/Src/main.o
 .debug_macro   0x0000000000001255       0x6a ./Core/Src/main.o
 .debug_macro   0x00000000000012bf      0x1df ./Core/Src/main.o
 .debug_macro   0x000000000000149e       0x1c ./Core/Src/main.o
 .debug_macro   0x00000000000014ba       0x22 ./Core/Src/main.o
 .debug_macro   0x00000000000014dc       0xd9 ./Core/Src/main.o
 .debug_macro   0x00000000000015b5     0x102d ./Core/Src/main.o
 .debug_macro   0x00000000000025e2      0x11f ./Core/Src/main.o
 .debug_macro   0x0000000000002701    0x14783 ./Core/Src/main.o
 .debug_macro   0x0000000000016e84       0x6d ./Core/Src/main.o
 .debug_macro   0x0000000000016ef1     0x367e ./Core/Src/main.o
 .debug_macro   0x000000000001a56f      0x174 ./Core/Src/main.o
 .debug_macro   0x000000000001a6e3       0x5c ./Core/Src/main.o
 .debug_macro   0x000000000001a73f      0x96b ./Core/Src/main.o
 .debug_macro   0x000000000001b0aa      0x9fe ./Core/Src/main.o
 .debug_macro   0x000000000001baa8      0x115 ./Core/Src/main.o
 .debug_macro   0x000000000001bbbd      0x192 ./Core/Src/main.o
 .debug_macro   0x000000000001bd4f       0xa5 ./Core/Src/main.o
 .debug_macro   0x000000000001bdf4      0x16d ./Core/Src/main.o
 .debug_macro   0x000000000001bf61      0x287 ./Core/Src/main.o
 .debug_macro   0x000000000001c1e8       0x5f ./Core/Src/main.o
 .debug_macro   0x000000000001c247      0x236 ./Core/Src/main.o
 .debug_macro   0x000000000001c47d      0x132 ./Core/Src/main.o
 .debug_macro   0x000000000001c5af      0x29c ./Core/Src/main.o
 .debug_macro   0x000000000001c84b       0x2e ./Core/Src/main.o
 .debug_macro   0x000000000001c879      0x11a ./Core/Src/main.o
 .debug_macro   0x000000000001c993       0x91 ./Core/Src/main.o
 .debug_macro   0x000000000001ca24       0x89 ./Core/Src/main.o
 .debug_macro   0x000000000001caad      0x8e6 ./Core/Src/main.o
 .debug_macro   0x000000000001d393       0x47 ./Core/Src/main.o
 .debug_macro   0x000000000001d3da      0x295 ./Core/Src/main.o
 .debug_macro   0x000000000001d66f      0x126 ./Core/Src/main.o
 .debug_macro   0x000000000001d795       0x3a ./Core/Src/main.o
 .debug_macro   0x000000000001d7cf      0x11a ./Core/Src/main.o
 .debug_macro   0x000000000001d8e9       0x58 ./Core/Src/main.o
 .debug_macro   0x000000000001d941       0x46 ./Core/Src/main.o
 .debug_macro   0x000000000001d987       0x64 ./Core/Src/main.o
 .debug_macro   0x000000000001d9eb       0x16 ./Core/Src/main.o
 .debug_macro   0x000000000001da01       0x49 ./Core/Src/main.o
 .debug_macro   0x000000000001da4a       0xc4 ./Core/Src/main.o
 .debug_macro   0x000000000001db0e      0x220 ./Core/Src/main.o
 .debug_macro   0x000000000001dd2e      0x458 ./Core/Src/main.o
 .debug_macro   0x000000000001e186      0x15a ./Core/Src/main.o
 .debug_macro   0x000000000001e2e0       0xe4 ./Core/Src/main.o
 .debug_macro   0x000000000001e3c4       0x1c ./Core/Src/main.o
 .debug_macro   0x000000000001e3e0       0x26 ./Core/Src/main.o
 .debug_macro   0x000000000001e406      0x3d7 ./Core/Src/main.o
 .debug_macro   0x000000000001e7dd       0xb5 ./Core/Src/main.o
 .debug_macro   0x000000000001e892      0x120 ./Core/Src/main.o
 .debug_macro   0x000000000001e9b2       0x91 ./Core/Src/main.o
 .debug_macro   0x000000000001ea43       0x86 ./Core/Src/main.o
 .debug_macro   0x000000000001eac9       0x69 ./Core/Src/main.o
 .debug_macro   0x000000000001eb32       0x19 ./Core/Src/main.o
 .debug_macro   0x000000000001eb4b      0x1dd ./Core/Src/stm32f4xx_hal_msp.o
 .debug_macro   0x000000000001ed28      0x1ce ./Core/Src/stm32f4xx_hal_timebase_tim.o
 .debug_macro   0x000000000001eef6      0x1e7 ./Core/Src/stm32f4xx_it.o
 .debug_macro   0x000000000001f0dd      0x1ce ./Core/Src/system_stm32f4xx.o
 .debug_macro   0x000000000001f2ab      0x22e ./Drivers/STM32F4xx_HAL_Driver/Src/stm32f4xx_hal.o
 .debug_macro   0x000000000001f4d9      0x1ce ./Drivers/STM32F4xx_HAL_Driver/Src/stm32f4xx_hal_cortex.o
 .debug_macro   0x000000000001f6a7      0x1d4 ./Drivers/STM32F4xx_HAL_Driver/Src/stm32f4xx_hal_gpio.o
 .debug_macro   0x000000000001f87b      0x1f2 ./Drivers/STM32F4xx_HAL_Driver/Src/stm32f4xx_hal_rcc.o
 .debug_macro   0x000000000001fa6d      0x1ce ./Drivers/STM32F4xx_HAL_Driver/Src/stm32f4xx_hal_rcc_ex.o
 .debug_macro   0x000000000001fc3b      0x1cf ./Drivers/STM32F4xx_HAL_Driver/Src/stm32f4xx_hal_tim.o
 .debug_macro   0x000000000001fe0a      0x1ce ./Drivers/STM32F4xx_HAL_Driver/Src/stm32f4xx_hal_tim_ex.o
 .debug_macro   0x000000000001ffd8      0x1cf ./Drivers/STM32F4xx_HAL_Driver/Src/stm32f4xx_hal_uart.o
 .debug_macro   0x00000000000201a7      0x1f4 ./Third_Party/FreeRTOS/Source/list.o
 .debug_macro   0x000000000002039b      0x2da ./Third_Party/FreeRTOS/Source/tasks.o
 .debug_macro   0x0000000000020675       0x10 ./Third_Party/FreeRTOS/Source/tasks.o
 .debug_macro   0x0000000000020685      0x1f7 ./Third_Party/FreeRTOS/Source/portable/GCC/ARM_CM4F/port.o
 .debug_macro   0x000000000002087c      0x20f ./Third_Party/FreeRTOS/Source/portable/MemMang/heap_4.o
 .debug_macro   0x0000000000020a8b      0x137 ./Third_Party/SEGGER/Config/SEGGER_SYSVIEW_Config_FreeRTOS.o
 .debug_macro   0x0000000000020bc2      0x203 ./Third_Party/SEGGER/OS/SEGGER_SYSVIEW_FreeRTOS.o
 .debug_macro   0x0000000000020dc5      0x1bd ./Third_Party/SEGGER/SEGGER/SEGGER_RTT.o
 .debug_macro   0x0000000000020f82       0x35 ./Third_Party/SEGGER/SEGGER/SEGGER_RTT.o
 .debug_macro   0x0000000000020fb7      0x138 ./Third_Party/SEGGER/SEGGER/SEGGER_RTT.o
 .debug_macro   0x00000000000210ef      0x147 ./Third_Party/SEGGER/SEGGER/SEGGER_RTT_printf.o
 .debug_macro   0x0000000000021236      0x22a ./Third_Party/SEGGER/SEGGER/SEGGER_SYSVIEW.o
 .debug_macro   0x0000000000021460      0x220 ./Third_Party/SEGGER/SEGGER/SEGGER_SYSVIEW.o
 .debug_macro   0x0000000000021680      0x169 ./Third_Party/SEGGER/SEGGER/SEGGER_SYSVIEW.o

.debug_line     0x0000000000000000    0x16714
 .debug_line    0x0000000000000000      0xb79 ./Core/Src/main.o
 .debug_line    0x0000000000000b79      0x6ec ./Core/Src/stm32f4xx_hal_msp.o
 .debug_line    0x0000000000001265      0x71b ./Core/Src/stm32f4xx_hal_timebase_tim.o
 .debug_line    0x0000000000001980      0x73c ./Core/Src/stm32f4xx_it.o
 .debug_line    0x00000000000020bc      0x721 ./Core/Src/system_stm32f4xx.o
 .debug_line    0x00000000000027dd       0x88 ./Core/Startup/startup_stm32f412zgtx.o
 .debug_line    0x0000000000002865      0x987 ./Drivers/STM32F4xx_HAL_Driver/Src/stm32f4xx_hal.o
 .debug_line    0x00000000000031ec      0xc36 ./Drivers/STM32F4xx_HAL_Driver/Src/stm32f4xx_hal_cortex.o
 .debug_line    0x0000000000003e22      0xae7 ./Drivers/STM32F4xx_HAL_Driver/Src/stm32f4xx_hal_gpio.o
 .debug_line    0x0000000000004909      0xd0f ./Drivers/STM32F4xx_HAL_Driver/Src/stm32f4xx_hal_rcc.o
 .debug_line    0x0000000000005618      0xfa9 ./Drivers/STM32F4xx_HAL_Driver/Src/stm32f4xx_hal_rcc_ex.o
 .debug_line    0x00000000000065c1     0x367b ./Drivers/STM32F4xx_HAL_Driver/Src/stm32f4xx_hal_tim.o
 .debug_line    0x0000000000009c3c     0x1984 ./Drivers/STM32F4xx_HAL_Driver/Src/stm32f4xx_hal_tim_ex.o
 .debug_line    0x000000000000b5c0     0x2a2c ./Drivers/STM32F4xx_HAL_Driver/Src/stm32f4xx_hal_uart.o
 .debug_line    0x000000000000dfec      0x8fc ./Third_Party/FreeRTOS/Source/list.o
 .debug_line    0x000000000000e8e8     0x1cca ./Third_Party/FreeRTOS/Source/tasks.o
 .debug_line    0x00000000000105b2      0xa3f ./Third_Party/FreeRTOS/Source/portable/GCC/ARM_CM4F/port.o
 .debug_line    0x0000000000010ff1      0xb46 ./Third_Party/FreeRTOS/Source/portable/MemMang/heap_4.o
 .debug_line    0x0000000000011b37      0x6d9 ./Third_Party/SEGGER/Config/SEGGER_SYSVIEW_Config_FreeRTOS.o
 .debug_line    0x0000000000012210      0x9df ./Third_Party/SEGGER/OS/SEGGER_SYSVIEW_FreeRTOS.o
 .debug_line    0x0000000000012bef      0xe5d ./Third_Party/SEGGER/SEGGER/SEGGER_RTT.o
 .debug_line    0x0000000000013a4c       0xa1 ./Third_Party/SEGGER/SEGGER/SEGGER_RTT_ASM_ARMv7M.o
 .debug_line    0x0000000000013aed      0x8c5 ./Third_Party/SEGGER/SEGGER/SEGGER_RTT_printf.o
 .debug_line    0x00000000000143b2     0x2362 ./Third_Party/SEGGER/SEGGER/SEGGER_SYSVIEW.o

.debug_str      0x0000000000000000    0xd027e
 .debug_str     0x0000000000000000    0xc5ef2 ./Core/Src/main.o
                                      0xc62c1 (size before relaxing)
 .debug_str     0x00000000000c5ef2       0x66 ./Core/Src/stm32f4xx_hal_msp.o
                                      0xbb9ea (size before relaxing)
 .debug_str     0x00000000000c5f58      0x5de ./Core/Src/stm32f4xx_hal_timebase_tim.o
                                      0xbbed5 (size before relaxing)
 .debug_str     0x00000000000c6536       0xc3 ./Core/Src/stm32f4xx_it.o
                                      0xbb98b (size before relaxing)
 .debug_str     0x00000000000c65f9       0xdb ./Core/Src/system_stm32f4xx.o
                                      0xbb403 (size before relaxing)
 .debug_str     0x00000000000c66d4       0x36 ./Core/Startup/startup_stm32f412zgtx.o
                                         0x73 (size before relaxing)
 .debug_str     0x00000000000c670a      0x5ce ./Drivers/STM32F4xx_HAL_Driver/Src/stm32f4xx_hal.o
                                      0xbbf61 (size before relaxing)
 .debug_str     0x00000000000c6cd8      0x33a ./Drivers/STM32F4xx_HAL_Driver/Src/stm32f4xx_hal_cortex.o
                                      0xbbc70 (size before relaxing)
 .debug_str     0x00000000000c7012      0x121 ./Drivers/STM32F4xx_HAL_Driver/Src/stm32f4xx_hal_gpio.o
                                      0xbb584 (size before relaxing)
 .debug_str     0x00000000000c7133      0x1fd ./Drivers/STM32F4xx_HAL_Driver/Src/stm32f4xx_hal_rcc.o
                                      0xbb83c (size before relaxing)
 .debug_str     0x00000000000c7330      0x235 ./Drivers/STM32F4xx_HAL_Driver/Src/stm32f4xx_hal_rcc_ex.o
                                      0xbb73c (size before relaxing)
 .debug_str     0x00000000000c7565      0xe69 ./Drivers/STM32F4xx_HAL_Driver/Src/stm32f4xx_hal_tim.o
                                      0xbc759 (size before relaxing)
 .debug_str     0x00000000000c83ce      0x503 ./Drivers/STM32F4xx_HAL_Driver/Src/stm32f4xx_hal_tim_ex.o
                                      0xbbf75 (size before relaxing)
 .debug_str     0x00000000000c88d1      0x61c ./Drivers/STM32F4xx_HAL_Driver/Src/stm32f4xx_hal_uart.o
                                      0xbbdb2 (size before relaxing)
 .debug_str     0x00000000000c8eed     0x3010 ./Third_Party/FreeRTOS/Source/list.o
                                       0xe869 (size before relaxing)
 .debug_str     0x00000000000cbefd     0x15cd ./Third_Party/FreeRTOS/Source/tasks.o
                                      0x118e2 (size before relaxing)
 .debug_str     0x00000000000cd4ca      0x7bf ./Third_Party/FreeRTOS/Source/portable/GCC/ARM_CM4F/port.o
                                       0xd3d2 (size before relaxing)
 .debug_str     0x00000000000cdc89      0x321 ./Third_Party/FreeRTOS/Source/portable/MemMang/heap_4.o
                                       0xfd32 (size before relaxing)
 .debug_str     0x00000000000cdfaa      0x1bf ./Third_Party/SEGGER/Config/SEGGER_SYSVIEW_Config_FreeRTOS.o
                                       0xb24b (size before relaxing)
 .debug_str     0x00000000000ce169      0x11b ./Third_Party/SEGGER/OS/SEGGER_SYSVIEW_FreeRTOS.o
                                       0xfaa3 (size before relaxing)
 .debug_str     0x00000000000ce284     0x1043 ./Third_Party/SEGGER/SEGGER/SEGGER_RTT.o
                                       0x77b9 (size before relaxing)
 .debug_str     0x00000000000cf2c7       0x35 ./Third_Party/SEGGER/SEGGER/SEGGER_RTT_ASM_ARMv7M.o
                                         0x80 (size before relaxing)
 .debug_str     0x00000000000cf2fc      0x186 ./Third_Party/SEGGER/SEGGER/SEGGER_RTT_printf.o
                                       0x712e (size before relaxing)
 .debug_str     0x00000000000cf482      0xdfc ./Third_Party/SEGGER/SEGGER/SEGGER_SYSVIEW.o
                                       0x9a1f (size before relaxing)

.comment        0x0000000000000000       0x50
 .comment       0x0000000000000000       0x50 ./Core/Src/main.o
                                         0x51 (size before relaxing)
 .comment       0x0000000000000050       0x51 ./Core/Src/stm32f4xx_hal_msp.o
 .comment       0x0000000000000050       0x51 ./Core/Src/stm32f4xx_hal_timebase_tim.o
 .comment       0x0000000000000050       0x51 ./Core/Src/stm32f4xx_it.o
 .comment       0x0000000000000050       0x51 ./Core/Src/system_stm32f4xx.o
 .comment       0x0000000000000050       0x51 ./Drivers/STM32F4xx_HAL_Driver/Src/stm32f4xx_hal.o
 .comment       0x0000000000000050       0x51 ./Drivers/STM32F4xx_HAL_Driver/Src/stm32f4xx_hal_cortex.o
 .comment       0x0000000000000050       0x51 ./Drivers/STM32F4xx_HAL_Driver/Src/stm32f4xx_hal_gpio.o
 .comment       0x0000000000000050       0x51 ./Drivers/STM32F4xx_HAL_Driver/Src/stm32f4xx_hal_rcc.o
 .comment       0x0000000000000050       0x51 ./Drivers/STM32F4xx_HAL_Driver/Src/stm32f4xx_hal_rcc_ex.o
 .comment       0x0000000000000050       0x51 ./Drivers/STM32F4xx_HAL_Driver/Src/stm32f4xx_hal_tim.o
 .comment       0x0000000000000050       0x51 ./Drivers/STM32F4xx_HAL_Driver/Src/stm32f4xx_hal_tim_ex.o
 .comment       0x0000000000000050       0x51 ./Drivers/STM32F4xx_HAL_Driver/Src/stm32f4xx_hal_uart.o
 .comment       0x0000000000000050       0x51 ./Third_Party/FreeRTOS/Source/list.o
 .comment       0x0000000000000050       0x51 ./Third_Party/FreeRTOS/Source/tasks.o
 .comment       0x0000000000000050       0x51 ./Third_Party/FreeRTOS/Source/portable/GCC/ARM_CM4F/port.o
 .comment       0x0000000000000050       0x51 ./Third_Party/FreeRTOS/Source/portable/MemMang/heap_4.o
 .comment       0x0000000000000050       0x51 ./Third_Party/SEGGER/Config/SEGGER_SYSVIEW_Config_FreeRTOS.o
 .comment       0x0000000000000050       0x51 ./Third_Party/SEGGER/OS/SEGGER_SYSVIEW_FreeRTOS.o
 .comment       0x0000000000000050       0x51 ./Third_Party/SEGGER/SEGGER/SEGGER_RTT.o
 .comment       0x0000000000000050       0x51 ./Third_Party/SEGGER/SEGGER/SEGGER_RTT_printf.o
 .comment       0x0000000000000050       0x51 ./Third_Party/SEGGER/SEGGER/SEGGER_SYSVIEW.o

.debug_frame    0x0000000000000000     0x52b0
 .debug_frame   0x0000000000000000      0x12c ./Core/Src/main.o
 .debug_frame   0x000000000000012c       0x80 ./Core/Src/stm32f4xx_hal_msp.o
 .debug_frame   0x00000000000001ac       0x74 ./Core/Src/stm32f4xx_hal_timebase_tim.o
 .debug_frame   0x0000000000000220       0xc4 ./Core/Src/stm32f4xx_it.o
 .debug_frame   0x00000000000002e4       0x58 ./Core/Src/system_stm32f4xx.o
 .debug_frame   0x000000000000033c      0x374 ./Drivers/STM32F4xx_HAL_Driver/Src/stm32f4xx_hal.o
 .debug_frame   0x00000000000006b0      0x498 ./Drivers/STM32F4xx_HAL_Driver/Src/stm32f4xx_hal_cortex.o
 .debug_frame   0x0000000000000b48      0x14c ./Drivers/STM32F4xx_HAL_Driver/Src/stm32f4xx_hal_gpio.o
 .debug_frame   0x0000000000000c94      0x1f4 ./Drivers/STM32F4xx_HAL_Driver/Src/stm32f4xx_hal_rcc.o
 .debug_frame   0x0000000000000e88      0x16c ./Drivers/STM32F4xx_HAL_Driver/Src/stm32f4xx_hal_rcc_ex.o
 .debug_frame   0x0000000000000ff4     0x11c4 ./Drivers/STM32F4xx_HAL_Driver/Src/stm32f4xx_hal_tim.o
 .debug_frame   0x00000000000021b8      0x638 ./Drivers/STM32F4xx_HAL_Driver/Src/stm32f4xx_hal_tim_ex.o
 .debug_frame   0x00000000000027f0      0x92c ./Drivers/STM32F4xx_HAL_Driver/Src/stm32f4xx_hal_uart.o
 .debug_frame   0x000000000000311c       0xd8 ./Third_Party/FreeRTOS/Source/list.o
 .debug_frame   0x00000000000031f4      0x7f4 ./Third_Party/FreeRTOS/Source/tasks.o
 .debug_frame   0x00000000000039e8      0x1d0 ./Third_Party/FreeRTOS/Source/portable/GCC/ARM_CM4F/port.o
 .debug_frame   0x0000000000003bb8      0x12c ./Third_Party/FreeRTOS/Source/portable/MemMang/heap_4.o
 .debug_frame   0x0000000000003ce4       0x48 ./Third_Party/SEGGER/Config/SEGGER_SYSVIEW_Config_FreeRTOS.o
 .debug_frame   0x0000000000003d2c      0x104 ./Third_Party/SEGGER/OS/SEGGER_SYSVIEW_FreeRTOS.o
 .debug_frame   0x0000000000003e30      0x52c ./Third_Party/SEGGER/SEGGER/SEGGER_RTT.o
 .debug_frame   0x000000000000435c       0xe0 ./Third_Party/SEGGER/SEGGER/SEGGER_RTT_printf.o
 .debug_frame   0x000000000000443c      0xd78 ./Third_Party/SEGGER/SEGGER/SEGGER_SYSVIEW.o
 .debug_frame   0x00000000000051b4       0x2c /opt/st/stm32cubeide_1.12.1/plugins/com.st.stm32cube.ide.mcu.externaltools.gnu-tools-for-stm32.10.3-2021.10.linux64_1.0.200.202301161003/tools/bin/../lib/gcc/arm-none-eabi/10.3.1/../../../../arm-none-eabi/lib/thumb/v7e-m+fp/hard/libc_nano.a(lib_a-init.o)
 .debug_frame   0x00000000000051e0       0x28 /opt/st/stm32cubeide_1.12.1/plugins/com.st.stm32cube.ide.mcu.externaltools.gnu-tools-for-stm32.10.3-2021.10.linux64_1.0.200.202301161003/tools/bin/../lib/gcc/arm-none-eabi/10.3.1/../../../../arm-none-eabi/lib/thumb/v7e-m+fp/hard/libc_nano.a(lib_a-memcmp.o)
 .debug_frame   0x0000000000005208       0x28 /opt/st/stm32cubeide_1.12.1/plugins/com.st.stm32cube.ide.mcu.externaltools.gnu-tools-for-stm32.10.3-2021.10.linux64_1.0.200.202301161003/tools/bin/../lib/gcc/arm-none-eabi/10.3.1/../../../../arm-none-eabi/lib/thumb/v7e-m+fp/hard/libc_nano.a(lib_a-memcpy-stub.o)
 .debug_frame   0x0000000000005230       0x20 /opt/st/stm32cubeide_1.12.1/plugins/com.st.stm32cube.ide.mcu.externaltools.gnu-tools-for-stm32.10.3-2021.10.linux64_1.0.200.202301161003/tools/bin/../lib/gcc/arm-none-eabi/10.3.1/../../../../arm-none-eabi/lib/thumb/v7e-m+fp/hard/libc_nano.a(lib_a-memset.o)
 .debug_frame   0x0000000000005250       0x2c /opt/st/stm32cubeide_1.12.1/plugins/com.st.stm32cube.ide.mcu.externaltools.gnu-tools-for-stm32.10.3-2021.10.linux64_1.0.200.202301161003/tools/bin/../lib/gcc/arm-none-eabi/10.3.1/thumb/v7e-m+fp/hard/libgcc.a(_aeabi_uldivmod.o)
 .debug_frame   0x000000000000527c       0x34 /opt/st/stm32cubeide_1.12.1/plugins/com.st.stm32cube.ide.mcu.externaltools.gnu-tools-for-stm32.10.3-2021.10.linux64_1.0.200.202301161003/tools/bin/../lib/gcc/arm-none-eabi/10.3.1/thumb/v7e-m+fp/hard/libgcc.a(_udivmoddi4.o)
